Component: ARM Compiler 5.05 update 1 (build 106) Tool: armlink [4d0efa]

==============================================================================

Section Cross References

    delay.o(i.delay_init) refers to misc.o(i.SysTick_CLKSourceConfig) for SysTick_CLKSourceConfig
    delay.o(i.delay_init) refers to system_stm32f10x.o(.data) for SystemCoreClock
    delay.o(i.delay_init) refers to delay.o(.data) for fac_us
    delay.o(i.delay_ms) refers to delay.o(.data) for fac_ms
    delay.o(i.delay_us) refers to delay.o(.data) for fac_us
    key.o(i.KEY_Init) refers to stm32f10x_rcc.o(i.RCC_APB2PeriphClockCmd) for RCC_APB2PeriphClockCmd
    key.o(i.KEY_Init) refers to stm32f10x_gpio.o(i.GPIO_Init) for GPIO_Init
    key.o(i.KEY_Scan) refers to stm32f10x_gpio.o(i.GPIO_ReadInputDataBit) for GPIO_ReadInputDataBit
    key.o(i.KEY_Scan) refers to delay.o(i.delay_ms) for delay_ms
    key.o(i.KEY_Scan) refers to key.o(.data) for key_up
    led.o(i.LED_Init) refers to stm32f10x_rcc.o(i.RCC_APB2PeriphClockCmd) for RCC_APB2PeriphClockCmd
    led.o(i.LED_Init) refers to stm32f10x_gpio.o(i.GPIO_Init) for GPIO_Init
    led.o(i.LED_Init) refers to stm32f10x_gpio.o(i.GPIO_SetBits) for GPIO_SetBits
    sys.o(i.NVIC_Configuration) refers to misc.o(i.NVIC_PriorityGroupConfig) for NVIC_PriorityGroupConfig
    system_stm32f10x.o(i.SetSysClock) refers to system_stm32f10x.o(i.SetSysClockTo72) for SetSysClockTo72
    system_stm32f10x.o(i.SystemCoreClockUpdate) refers to system_stm32f10x.o(.data) for SystemCoreClock
    system_stm32f10x.o(i.SystemInit) refers to system_stm32f10x.o(i.SetSysClock) for SetSysClock
    timer.o(i.TIM3_IRQHandler) refers to stm32f10x_tim.o(i.TIM_GetITStatus) for TIM_GetITStatus
    timer.o(i.TIM3_IRQHandler) refers to stm32f10x_tim.o(i.TIM_ClearITPendingBit) for TIM_ClearITPendingBit
    timer.o(i.TIM3_Int_Init) refers to stm32f10x_rcc.o(i.RCC_APB1PeriphClockCmd) for RCC_APB1PeriphClockCmd
    timer.o(i.TIM3_Int_Init) refers to stm32f10x_tim.o(i.TIM_TimeBaseInit) for TIM_TimeBaseInit
    timer.o(i.TIM3_Int_Init) refers to stm32f10x_tim.o(i.TIM_ITConfig) for TIM_ITConfig
    timer.o(i.TIM3_Int_Init) refers to misc.o(i.NVIC_Init) for NVIC_Init
    timer.o(i.TIM3_Int_Init) refers to stm32f10x_tim.o(i.TIM_Cmd) for TIM_Cmd
    timer.o(i.TIM3_PWM_Init) refers to stm32f10x_rcc.o(i.RCC_APB1PeriphClockCmd) for RCC_APB1PeriphClockCmd
    timer.o(i.TIM3_PWM_Init) refers to stm32f10x_rcc.o(i.RCC_APB2PeriphClockCmd) for RCC_APB2PeriphClockCmd
    timer.o(i.TIM3_PWM_Init) refers to stm32f10x_gpio.o(i.GPIO_PinRemapConfig) for GPIO_PinRemapConfig
    timer.o(i.TIM3_PWM_Init) refers to stm32f10x_gpio.o(i.GPIO_Init) for GPIO_Init
    timer.o(i.TIM3_PWM_Init) refers to stm32f10x_tim.o(i.TIM_TimeBaseInit) for TIM_TimeBaseInit
    timer.o(i.TIM3_PWM_Init) refers to stm32f10x_tim.o(i.TIM_OC2Init) for TIM_OC2Init
    timer.o(i.TIM3_PWM_Init) refers to stm32f10x_tim.o(i.TIM_OC2PreloadConfig) for TIM_OC2PreloadConfig
    timer.o(i.TIM3_PWM_Init) refers to stm32f10x_tim.o(i.TIM_Cmd) for TIM_Cmd
    usart.o(i.USART1_IRQHandler) refers to stm32f10x_usart.o(i.USART_GetITStatus) for USART_GetITStatus
    usart.o(i.USART1_IRQHandler) refers to stm32f10x_usart.o(i.USART_ClearFlag) for USART_ClearFlag
    usart.o(i.Usart1_Init) refers to stm32f10x_rcc.o(i.RCC_APB2PeriphClockCmd) for RCC_APB2PeriphClockCmd
    usart.o(i.Usart1_Init) refers to stm32f10x_gpio.o(i.GPIO_Init) for GPIO_Init
    usart.o(i.Usart1_Init) refers to stm32f10x_usart.o(i.USART_Init) for USART_Init
    usart.o(i.Usart1_Init) refers to stm32f10x_usart.o(i.USART_Cmd) for USART_Cmd
    usart.o(i.Usart1_Init) refers to stm32f10x_usart.o(i.USART_ITConfig) for USART_ITConfig
    usart.o(i.Usart1_Init) refers to misc.o(i.NVIC_Init) for NVIC_Init
    usart.o(i.Usart2_Init) refers to stm32f10x_rcc.o(i.RCC_APB2PeriphClockCmd) for RCC_APB2PeriphClockCmd
    usart.o(i.Usart2_Init) refers to stm32f10x_rcc.o(i.RCC_APB1PeriphClockCmd) for RCC_APB1PeriphClockCmd
    usart.o(i.Usart2_Init) refers to stm32f10x_gpio.o(i.GPIO_Init) for GPIO_Init
    usart.o(i.Usart2_Init) refers to stm32f10x_usart.o(i.USART_Init) for USART_Init
    usart.o(i.Usart2_Init) refers to stm32f10x_usart.o(i.USART_Cmd) for USART_Cmd
    usart.o(i.Usart2_Init) refers to stm32f10x_usart.o(i.USART_ITConfig) for USART_ITConfig
    usart.o(i.Usart2_Init) refers to misc.o(i.NVIC_Init) for NVIC_Init
    usart.o(i.UsartPrintf) refers to vsnprintf.o(.text) for vsnprintf
    usart.o(i.UsartPrintf) refers to stm32f10x_usart.o(i.USART_SendData) for USART_SendData
    usart.o(i.UsartPrintf) refers to stm32f10x_usart.o(i.USART_GetFlagStatus) for USART_GetFlagStatus
    usart.o(i.Usart_SendString) refers to stm32f10x_usart.o(i.USART_SendData) for USART_SendData
    usart.o(i.Usart_SendString) refers to stm32f10x_usart.o(i.USART_GetFlagStatus) for USART_GetFlagStatus
    usart.o(i.fputc) refers to stm32f10x_usart.o(i.USART_SendData) for USART_SendData
[...]
    i.EDP_UnPacketRecv                       0x080025ca   Section        0  edpkit.o(i.EDP_UnPacketRecv)
    i.ESP8266_Clear                          0x080025d0   Section        0  esp8266.o(i.ESP8266_Clear)
    i.ESP8266_GetIPD                         0x080025ec   Section        0  esp8266.o(i.ESP8266_GetIPD)
    i.ESP8266_Init                           0x08002660   Section        0  esp8266.o(i.ESP8266_Init)
    i.ESP8266_SendCmd                        0x08002818   Section        0  esp8266.o(i.ESP8266_SendCmd)
    i.ESP8266_SendData                       0x0800286c   Section        0  esp8266.o(i.ESP8266_SendData)
    i.ESP8266_StaTcpClient_UnvarnishTest     0x080028b4   Section        0  esp8266.o(i.ESP8266_StaTcpClient_UnvarnishTest)
    i.ESP8266_WaitRecive                     0x08002b40   Section        0  esp8266.o(i.ESP8266_WaitRecive)
    i.GPIO_Init                              0x08002b74   Section        0  stm32f10x_gpio.o(i.GPIO_Init)
    i.GPIO_PinRemapConfig                    0x08002c8c   Section        0  stm32f10x_gpio.o(i.GPIO_PinRemapConfig)
    i.GPIO_ReadInputDataBit                  0x08002d1c   Section        0  stm32f10x_gpio.o(i.GPIO_ReadInputDataBit)
    i.GPIO_SetBits                           0x08002d2e   Section        0  stm32f10x_gpio.o(i.GPIO_SetBits)
    i.Get_Adc                                0x08002d34   Section        0  adc.o(i.Get_Adc)
    i.Get_Adc_Average                        0x08002d68   Section        0  adc.o(i.Get_Adc_Average)
    i.HardFault_Handler                      0x08002d96   Section        0  stm32f10x_it.o(i.HardFault_Handler)
    i.KEY_Init                               0x08002d9c   Section        0  key.o(i.KEY_Init)
    i.KEY_Scan                               0x08002dc0   Section        0  key.o(i.KEY_Scan)
    i.Key_Control_Pwm                        0x08002ea4   Section        0  main.o(i.Key_Control_Pwm)
    i.LED_Init                               0x08002ef4   Section        0  led.o(i.LED_Init)
    i.MemManage_Handler                      0x08002f2c   Section        0  stm32f10x_it.o(i.MemManage_Handler)
    i.NMI_Handler                            0x08002f30   Section        0  stm32f10x_it.o(i.NMI_Handler)
    i.NVIC_Configuration                     0x08002f32   Section        0  sys.o(i.NVIC_Configuration)
    i.NVIC_Init                              0x08002f40   Section        0  misc.o(i.NVIC_Init)
    i.NVIC_PriorityGroupConfig               0x08002fb0   Section        0  misc.o(i.NVIC_PriorityGroupConfig)
    i.OneNet_DevLink                         0x08002fc4   Section        0  onenet.o(i.OneNet_DevLink)
    i.OneNet_FillBuf                         0x08003290   Section        0  onenet.o(i.OneNet_FillBuf)
    i.OneNet_SendData                        0x080033cc   Section        0  onenet.o(i.OneNet_SendData)
    i.PendSV_Handler                         0x080034ac   Section        0  stm32f10x_it.o(i.PendSV_Handler)
    i.RCC_ADCCLKConfig                       0x080034b0   Section        0  stm32f10x_rcc.o(i.RCC_ADCCLKConfig)
    i.RCC_APB1PeriphClockCmd                 0x080034c8   Section        0  stm32f10x_rcc.o(i.RCC_APB1PeriphClockCmd)
    i.RCC_APB2PeriphClockCmd                 0x080034e8   Section        0  stm32f10x_rcc.o(i.RCC_APB2PeriphClockCmd)
    i.RCC_APB2PeriphResetCmd                 0x08003508   Section        0  stm32f10x_rcc.o(i.RCC_APB2PeriphResetCmd)
    i.RCC_GetClocksFreq                      0x08003528   Section        0  stm32f10x_rcc.o(i.RCC_GetClocksFreq)
    i.SVC_Handler                            0x080035fc   Section        0  stm32f10x_it.o(i.SVC_Handler)
    i.Send_Data_Onenet                       0x08003600   Section        0  main.o(i.Send_Data_Onenet)
    i.SetSysClock                            0x0800367c   Section        0  system_stm32f10x.o(i.SetSysClock)
    SetSysClock                              0x0800367d   Thumb Code     8  system_stm32f10x.o(i.SetSysClock)
    i.SetSysClockTo72                        0x08003684   Section        0  system_stm32f10x.o(i.SetSysClockTo72)
    SetSysClockTo72                          0x08003685   Thumb Code   214  system_stm32f10x.o(i.SetSysClockTo72)
    i.SysTick_CLKSourceConfig                0x08003764   Section        0  misc.o(i.SysTick_CLKSourceConfig)
    i.SysTick_Handler                        0x0800378c   Section        0  stm32f10x_it.o(i.SysTick_Handler)
    i.SystemInit                             0x08003790   Section        0  system_stm32f10x.o(i.SystemInit)
    i.TIM3_IRQHandler                        0x080037f0   Section        0  timer.o(i.TIM3_IRQHandler)
    i.TIM3_PWM_Init                          0x08003820   Section        0  timer.o(i.TIM3_PWM_Init)
    i.TIM_ClearITPendingBit                  0x080038b0   Section        0  stm32f10x_tim.o(i.TIM_ClearITPendingBit)
    i.TIM_Cmd                                0x080038b6   Section        0  stm32f10x_tim.o(i.TIM_Cmd)
    i.TIM_GetITStatus                        0x080038ce   Section        0  stm32f10x_tim.o(i.TIM_GetITStatus)
    i.TIM_OC2Init                            0x080038f0   Section        0  stm32f10x_tim.o(i.TIM_OC2Init)
    i.TIM_OC2PreloadConfig                   0x08003994   Section        0  stm32f10x_tim.o(i.TIM_OC2PreloadConfig)
    i.TIM_SetCompare2                        0x080039ae   Section        0  stm32f10x_tim.o(i.TIM_SetCompare2)
    i.TIM_TimeBaseInit                       0x080039b4   Section        0  stm32f10x_tim.o(i.TIM_TimeBaseInit)
    i.USART1_IRQHandler                      0x08003a58   Section        0  usart.o(i.USART1_IRQHandler)
    i.USART2_IRQHandler                      0x08003a74   Section        0  esp8266.o(i.USART2_IRQHandler)
    i.USART_ClearFlag                        0x08003ac0   Section        0  stm32f10x_usart.o(i.USART_ClearFlag)
    i.USART_Cmd                              0x08003ad2   Section        0  stm32f10x_usart.o(i.USART_Cmd)
    i.USART_GetFlagStatus                    0x08003aea   Section        0  stm32f10x_usart.o(i.USART_GetFlagStatus)
    i.USART_GetITStatus                      0x08003b04   Section        0  stm32f10x_usart.o(i.USART_GetITStatus)
    i.USART_ITConfig                         0x08003b58   Section        0  stm32f10x_usart.o(i.USART_ITConfig)
    i.USART_Init                             0x08003ba4   Section        0  stm32f10x_usart.o(i.USART_Init)
    i.USART_SendData                         0x08003c7c   Section        0  stm32f10x_usart.o(i.USART_SendData)
    i.UsageFault_Handler                     0x08003c84   Section        0  stm32f10x_it.o(i.UsageFault_Handler)
    i.Usart1_Init                            0x08003c88   Section        0  usart.o(i.Usart1_Init)
    i.Usart2_Init                            0x08003d38   Section        0  usart.o(i.Usart2_Init)
    i.UsartPrintf                            0x08003de4   Section        0  usart.o(i.UsartPrintf)
    i.Usart_SendString                       0x08003e2c   Section        0  usart.o(i.Usart_SendString)
    i.WriteRemainlen                         0x08003e5e   Section        0  edpkit.o(i.WriteRemainlen)
    i.__ARM_fpclassify                       0x08003e8c   Section        0  fpclassify.o(i.__ARM_fpclassify)
    i._is_digit                              0x08003eb4   Section        0  __printf_wp.o(i._is_digit)
    i.delay_init                             0x08003ec4   Section        0  delay.o(i.delay_init)
    i.delay_ms                               0x08003f08   Section        0  delay.o(i.delay_ms)
    i.esp8266_rec                            0x08003f54   Section        0  main.o(i.esp8266_rec)
    i.main                                   0x08004008   Section        0  main.o(i.main)
    locale$$code                             0x080040e4   Section       44  lc_numeric_c.o(locale$$code)
    locale$$code                             0x08004110   Section       44  lc_ctype_c.o(locale$$code)
    x$fpl$d2f                                0x0800413c   Section       98  d2f.o(x$fpl$d2f)
    x$fpl$dmul                               0x080041a0   Section      340  dmul.o(x$fpl$dmul)
    x$fpl$dnaninf                            0x080042f4   Section      156  dnaninf.o(x$fpl$dnaninf)
    x$fpl$dretinf                            0x08004390   Section       12  dretinf.o(x$fpl$dretinf)
    x$fpl$f2d                                0x0800439c   Section       86  f2d.o(x$fpl$f2d)
    x$fpl$fflt                               0x080043f4   Section       48  fflt_clz.o(x$fpl$fflt)
    x$fpl$fmul                               0x08004424   Section      258  fmul.o(x$fpl$fmul)
    x$fpl$fnaninf                            0x08004526   Section      140  fnaninf.o(x$fpl$fnaninf)
    x$fpl$fretinf                            0x080045b2   Section       10  fretinf.o(x$fpl$fretinf)
    x$fpl$printf1                            0x080045bc   Section        4  printf1.o(x$fpl$printf1)
    x$fpl$printf2                            0x080045c0   Section        4  printf2.o(x$fpl$printf2)
    .constdata                               0x080045c4   Section       17  __printf_flags_ss_wp.o(.constdata)
    x$fpl$usenofp                            0x080045c4   Section        0  usenofp.o(x$fpl$usenofp)
    maptable                                 0x080045c4   Data          17  __printf_flags_ss_wp.o(.constdata)
    .constdata                               0x080045d8   Section        8  _printf_wctomb.o(.constdata)
    initial_mbstate                          0x080045d8   Data           8  _printf_wctomb.o(.constdata)
    .constdata                               0x080045e0   Section       40  _printf_hex_int_ll_ptr.o(.constdata)
    uc_hextab                                0x080045e0   Data          20  _printf_hex_int_ll_ptr.o(.constdata)
    lc_hextab                                0x080045f4   Data          20  _printf_hex_int_ll_ptr.o(.constdata)
    .constdata                               0x08004608   Section       38  _printf_fp_hex.o(.constdata)
    lc_hextab                                0x08004608   Data          19  _printf_fp_hex.o(.constdata)
    uc_hextab                                0x0800461b   Data          19  _printf_fp_hex.o(.constdata)
    .constdata                               0x08004630   Section      148  bigflt0.o(.constdata)
    tenpwrs_x                                0x08004630   Data          60  bigflt0.o(.constdata)
    tenpwrs_i                                0x0800466c   Data          64  bigflt0.o(.constdata)
    locale$$data                             0x080046e4   Section       28  lc_numeric_c.o(locale$$data)
    __lcnum_c_name                           0x080046e8   Data           2  lc_numeric_c.o(locale$$data)
    __lcnum_c_start                          0x080046f0   Data           0  lc_numeric_c.o(locale$$data)
    __lcnum_c_point                          0x080046fc   Data           0  lc_numeric_c.o(locale$$data)
    __lcnum_c_thousands                      0x080046fe   Data           0  lc_numeric_c.o(locale$$data)
    __lcnum_c_grouping                       0x080046ff   Data           0  lc_numeric_c.o(locale$$data)
    locale$$data                             0x08004700   Section      272  lc_ctype_c.o(locale$$data)
    __lcnum_c_end                            0x08004700   Data           0  lc_numeric_c.o(locale$$data)
    __lcctype_c_name                         0x08004704   Data           2  lc_ctype_c.o(locale$$data)
    __lcctype_c_start                        0x0800470c   Data           0  lc_ctype_c.o(locale$$data)
    __lcctype_c_end                          0x08004810   Data           0  lc_ctype_c.o(locale$$data)
    .data                                    0x20000000   Section        4  delay.o(.data)
    fac_us                                   0x20000000   Data           1  delay.o(.data)
    fac_ms                                   0x20000002   Data           2  delay.o(.data)
    .data                                    0x20000004   Section        1  key.o(.data)
    key_up                                   0x20000004   Data           1  key.o(.data)
    .data                                    0x20000008   Section       20  system_stm32f10x.o(.data)
    .data                                    0x2000001c   Section        4  esp8266.o(.data)
    .data                                    0x20000020   Section       20  stm32f10x_rcc.o(.data)
    APBAHBPrescTable                         0x20000020   Data          16  stm32f10x_rcc.o(.data)
    ADCPrescTable                            0x20000030   Data           4  stm32f10x_rcc.o(.data)
    .bss                                     0x20000034   Section     1154  esp8266.o(.bss)
    .bss                                     0x200004b8   Section       96  libspace.o(.bss)
    HEAP                                     0x20000518   Section      512  startup_stm32f10x_hd.o(HEAP)
    Heap_Mem                                 0x20000518   Data         512  startup_stm32f10x_hd.o(HEAP)
    STACK                                    0x20000718   Section     1024  startup_stm32f10x_hd.o(STACK)
    Stack_Mem                                0x20000718   Data        1024  startup_stm32f10x_hd.o(STACK)
    __initial_sp                             0x20000b18   Data           0  startup_stm32f10x_hd.o(STACK)

    Global Symbols

    Symbol Name                              Value     Ov Type        Size  Object(Section)

    BuildAttributes$$THM_ISAv4$P$D$K$B$S$PE$A:L22UL41UL21$X:L11$S22US41US21$IEEE1$IW$USESV6$~STKCKD$USESV7$~SHL$OTIME$ROPI$IEEEJ$EBA8$UX$STANDARDLIB$REQ8$PRES8$EABIv2 0x00000000   Number         0  anon$$obj.o ABSOLUTE
    __ARM_use_no_argv                        0x00000000   Number         0  main.o ABSOLUTE
    _printf_flags                            0x00000000   Number         0  printf_stubs.o ABSOLUTE
    _printf_return_value                     0x00000000   Number         0  printf_stubs.o ABSOLUTE
    _printf_sizespec                         0x00000000   Number         0  printf_stubs.o ABSOLUTE
    _printf_widthprec                        0x00000000   Number         0  printf_stubs.o ABSOLUTE
    __ARM_exceptions_init                     - Undefined Weak Reference
    __alloca_initialize                       - Undefined Weak Reference
    __arm_preinit_                            - Undefined Weak Reference
    __cpp_initialize__aeabi_                  - Undefined Weak Reference
    __cxa_finalize                            - Undefined Weak Reference
    __sigvec_lookup                           - Undefined Weak Reference
    __user_heap_extent                        - Undefined Weak Reference
    _atexit_init                              - Undefined Weak Reference
    _call_atexit_fns                          - Undefined Weak Reference
    _clock_init                               - Undefined Weak Reference
    _fp_trap_init                             - Undefined Weak Reference
    _fp_trap_shutdown                         - Undefined Weak Reference
    _get_lc_collate                           - Undefined Weak Reference
    _get_lc_monetary                          - Undefined Weak Reference
    _get_lc_time                              - Undefined Weak Reference
    _getenv_init                              - Undefined Weak Reference
    _handle_redirection                       - Undefined Weak Reference
    _initio                                   - Undefined Weak Reference
    _mutex_acquire                            - Undefined Weak Reference
    _mutex_free                               - Undefined Weak Reference
    _mutex_release                            - Undefined Weak Reference
    _printf_mbtowc                            - Undefined Weak Reference
    _printf_wc                                - Undefined Weak Reference
    _rand_init                                - Undefined Weak Reference
    _signal_finish                            - Undefined Weak Reference
    _signal_init                              - Undefined Weak Reference
    _terminateio                              - Undefined Weak Reference
    __Vectors_Size                           0x00000130   Number         0  startup_stm32f10x_hd.o ABSOLUTE
    __Vectors                                0x08000000   Data           4  startup_stm32f10x_hd.o(RESET)
    __Vectors_End                            0x08000130   Data           0  startup_stm32f10x_hd.o(RESET)
    __main                                   0x08000131   Thumb Code     8  __main.o(!!!main)
    __scatterload                            0x08000139   Thumb Code     0  __scatter.o(!!!scatter)
    __scatterload_rt2                        0x08000139   Thumb Code    44  __scatter.o(!!!scatter)
    __scatterload_rt2_thumb_only             0x08000139   Thumb Code     0  __scatter.o(!!!scatter)
    __scatterload_null                       0x08000147   Thumb Code     0  __scatter.o(!!!scatter)
    __scatterload_copy                       0x0800016d   Thumb Code    26  __scatter_copy.o(!!handler_copy)
    __scatterload_zeroinit                   0x08000189   Thumb Code    28  __scatter_zi.o(!!handler_zi)
    _printf_n                                0x080001a5   Thumb Code     0  _printf_n.o(.ARM.Collect$$_printf_percent$$00000001)
    _printf_percent                          0x080001a5   Thumb Code     0  _printf_percent.o(.ARM.Collect$$_printf_percent$$00000000)
    _printf_p                                0x080001ab   Thumb Code     0  _printf_p.o(.ARM.Collect$$_printf_percent$$00000002)
    _printf_f                                0x080001b1   Thumb Code     0  _printf_f.o(.ARM.Collect$$_printf_percent$$00000003)
    _printf_e                                0x080001b7   Thumb Code     0  _printf_e.o(.ARM.Collect$$_printf_percent$$00000004)
    _printf_g                                0x080001bd   Thumb Code     0  _printf_g.o(.ARM.Collect$$_printf_percent$$00000005)
    _printf_a                                0x080001c3   Thumb Code     0  _printf_a.o(.ARM.Collect$$_printf_percent$$00000006)
    _printf_ll                               0x080001c9   Thumb Code     0  _printf_ll.o(.ARM.Collect$$_printf_percent$$00000007)
    _printf_i                                0x080001d3   Thumb Code     0  _printf_i.o(.ARM.Collect$$_printf_percent$$00000008)
    _printf_d                                0x080001d9   Thumb Code     0  _printf_d.o(.ARM.Collect$$_printf_percent$$00000009)
    _printf_u                                0x080001df   Thumb Code     0  _printf_u.o(.ARM.Collect$$_printf_percent$$0000000A)
    _printf_o                                0x080001e5   Thumb Code     0  _printf_o.o(.ARM.Collect$$_printf_percent$$0000000B)
    _printf_x                                0x080001eb   Thumb Code     0  _printf_x.o(.ARM.Collect$$_printf_percent$$0000000C)
    _printf_lli                              0x080001f1   Thumb Code     0  _printf_lli.o(.ARM.Collect$$_printf_percent$$0000000D)
    _printf_lld                              0x080001f7   Thumb Code     0  _printf_lld.o(.ARM.Collect$$_printf_percent$$0000000E)
    _printf_llu                              0x080001fd   Thumb Code     0  _printf_llu.o(.ARM.Collect$$_printf_percent$$0000000F)
    _printf_llo                              0x08000203   Thumb Code     0  _printf_llo.o(.ARM.Collect$$_printf_percent$$00000010)
    _printf_llx                              0x08000209   Thumb Code     0  _printf_llx.o(.ARM.Collect$$_printf_percent$$00000011)
    _printf_l                                0x0800020f   Thumb Code     0  _printf_l.o(.ARM.Collect$$_printf_percent$$00000012)
    _printf_c                                0x08000219   Thumb Code     0  _printf_c.o(.ARM.Collect$$_printf_percent$$00000013)
    _printf_s                                0x0800021f   Thumb Code     0  _printf_s.o(.ARM.Collect$$_printf_percent$$00000014)
    _printf_lc                               0x08000225   Thumb Code     0  _printf_lc.o(.ARM.Collect$$_printf_percent$$00000015)
    _printf_ls                               0x0800022b   Thumb Code     0  _printf_ls.o(.ARM.Collect$$_printf_percent$$00000016)
    _printf_percent_end                      0x08000231   Thumb Code     0  _printf_percent_end.o(.ARM.Collect$$_printf_percent$$00000017)
    __rt_lib_init                            0x08000235   Thumb Code     0  libinit.o(.ARM.Collect$$libinit$$00000000)
    __rt_lib_init_fp_1                       0x08000237   Thumb Code     0  libinit2.o(.ARM.Collect$$libinit$$00000002)
    __rt_lib_init_heap_2                     0x08000237   Thumb Code     0  libinit2.o(.ARM.Collect$$libinit$$00000005)
    __rt_lib_init_preinit_1                  0x08000237   Thumb Code     0  libinit2.o(.ARM.Collect$$libinit$$00000004)
    __rt_lib_init_heap_1                     0x0800023f   Thumb Code     0  libinit2.o(.ARM.Collect$$libinit$$0000000A)
    __rt_lib_init_lc_common                  0x0800023f   Thumb Code     0  libinit2.o(.ARM.Collect$$libinit$$0000000F)
    __rt_lib_init_rand_1                     0x0800023f   Thumb Code     0  libinit2.o(.ARM.Collect$$libinit$$0000000E)
    __rt_lib_init_user_alloc_1               0x0800023f   Thumb Code     0  libinit2.o(.ARM.Collect$$libinit$$0000000C)
    __rt_lib_init_lc_collate_1               0x08000245   Thumb Code     0  libinit2.o(.ARM.Collect$$libinit$$00000011)
    __rt_lib_init_lc_ctype_2                 0x08000245   Thumb Code     0  libinit2.o(.ARM.Collect$$libinit$$00000012)
    __rt_lib_init_lc_ctype_1                 0x08000251   Thumb Code     0  libinit2.o(.ARM.Collect$$libinit$$00000013)
    __rt_lib_init_lc_monetary_1              0x08000251   Thumb Code     0  libinit2.o(.ARM.Collect$$libinit$$00000015)
    __rt_lib_init_lc_numeric_2               0x08000251   Thumb Code     0  libinit2.o(.ARM.Collect$$libinit$$00000016)
    __rt_lib_init_alloca_1                   0x0800025b   Thumb Code     0  libinit2.o(.ARM.Collect$$libinit$$0000002E)
    __rt_lib_init_argv_1                     0x0800025b   Thumb Code     0  libinit2.o(.ARM.Collect$$libinit$$0000002C)
    __rt_lib_init_atexit_1                   0x0800025b   Thumb Code     0  libinit2.o(.ARM.Collect$$libinit$$0000001B)
    __rt_lib_init_clock_1                    0x0800025b   Thumb Code     0  libinit2.o(.ARM.Collect$$libinit$$00000021)
    __rt_lib_init_cpp_1                      0x0800025b   Thumb Code     0  libinit2.o(.ARM.Collect$$libinit$$00000032)
    __rt_lib_init_exceptions_1               0x0800025b   Thumb Code     0  libinit2.o(.ARM.Collect$$libinit$$00000030)
    __rt_lib_init_fp_trap_1                  0x0800025b   Thumb Code     0  libinit2.o(.ARM.Collect$$libinit$$0000001F)
    __rt_lib_init_getenv_1                   0x0800025b   Thumb Code     0  libinit2.o(.ARM.Collect$$libinit$$00000023)
    __rt_lib_init_lc_numeric_1               0x0800025b   Thumb Code     0  libinit2.o(.ARM.Collect$$libinit$$00000017)
    __rt_lib_init_lc_time_1                  0x0800025b   Thumb Code     0  libinit2.o(.ARM.Collect$$libinit$$00000019)
    __rt_lib_init_return                     0x0800025b   Thumb Code     0  libinit2.o(.ARM.Collect$$libinit$$00000033)
    __rt_lib_init_signal_1                   0x0800025b   Thumb Code     0  libinit2.o(.ARM.Collect$$libinit$$0000001D)
    __rt_lib_init_stdio_1                    0x0800025b   Thumb Code     0  libinit2.o(.ARM.Collect$$libinit$$00000025)
    __rt_lib_shutdown                        0x0800025d   Thumb Code     0  libshutdown.o(.ARM.Collect$$libshutdown$$00000000)
    __rt_lib_shutdown_fp_trap_1              0x0800025f   Thumb Code     0  libshutdown2.o(.ARM.Collect$$libshutdown$$00000006)
    __rt_lib_shutdown_heap_1                 0x0800025f   Thumb Code     0  libshutdown2.o(.ARM.Collect$$libshutdown$$0000000E)
    __rt_lib_shutdown_return                 0x0800025f   Thumb Code     0  libshutdown2.o(.ARM.Collect$$libshutdown$$0000000F)
    __rt_lib_shutdown_signal_1               0x0800025f   Thumb Code     0  libshutdown2.o(.ARM.Collect$$libshutdown$$00000009)
    __rt_lib_shutdown_stdio_1                0x0800025f   Thumb Code     0  libshutdown2.o(.ARM.Collect$$libshutdown$$00000003)
    __rt_lib_shutdown_user_alloc_1           0x0800025f   Thumb Code     0  libshutdown2.o(.ARM.Collect$$libshutdown$$0000000B)
    __rt_entry                               0x08000261   Thumb Code     0  __rtentry.o(.ARM.Collect$$rtentry$$00000000)
    __rt_entry_presh_1                       0x08000261   Thumb Code     0  __rtentry2.o(.ARM.Collect$$rtentry$$00000002)
    __rt_entry_sh                            0x08000261   Thumb Code     0  __rtentry4.o(.ARM.Collect$$rtentry$$00000004)
    __rt_entry_li                            0x08000267   Thumb Code     0  __rtentry2.o(.ARM.Collect$$rtentry$$0000000A)
    __rt_entry_postsh_1                      0x08000267   Thumb Code     0  __rtentry2.o(.ARM.Collect$$rtentry$$00000009)
    __rt_entry_main                          0x0800026b   Thumb Code     0  __rtentry2.o(.ARM.Collect$$rtentry$$0000000D)
    __rt_entry_postli_1                      0x0800026b   Thumb Code     0  __rtentry2.o(.ARM.Collect$$rtentry$$0000000C)
    __rt_exit                                0x08000273   Thumb Code     0  rtexit.o(.ARM.Collect$$rtexit$$00000000)
    __rt_exit_ls                             0x08000275   Thumb Code     0  rtexit2.o(.ARM.Collect$$rtexit$$00000003)
    __rt_exit_prels_1                        0x08000275   Thumb Code     0  rtexit2.o(.ARM.Collect$$rtexit$$00000002)
    __rt_exit_exit                           0x08000279   Thumb Code     0  rtexit2.o(.ARM.Collect$$rtexit$$00000004)
    Reset_Handler                            0x08000281   Thumb Code     8  startup_stm32f10x_hd.o(.text)
    _maybe_terminate_alloc                   0x08000281   Thumb Code     0  maybetermalloc1.o(.emb_text)
    ADC1_2_IRQHandler                        0x0800029b   Thumb Code     0  startup_stm32f10x_hd.o(.text)
    ADC3_IRQHandler                          0x0800029b   Thumb Code     0  startup_stm32f10x_hd.o(.text)
    CAN1_RX1_IRQHandler                      0x0800029b   Thumb Code     0  startup_stm32f10x_hd.o(.text)
    CAN1_SCE_IRQHandler                      0x0800029b   Thumb Code     0  startup_stm32f10x_hd.o(.text)
    DMA1_Channel1_IRQHandler                 0x0800029b   Thumb Code     0  startup_stm32f10x_hd.o(.text)
    DMA1_Channel2_IRQHandler                 0x0800029b   Thumb Code     0  startup_stm32f10x_hd.o(.text)
    DMA1_Channel3_IRQHandler                 0x0800029b   Thumb Code     0  startup_stm32f10x_hd.o(.text)
    DMA1_Channel4_IRQHandler                 0x0800029b   Thumb Code     0  startup_stm32f10x_hd.o(.text)
    DMA1_Channel5_IRQHandler                 0x0800029b   Thumb Code     0  startup_stm32f10x_hd.o(.text)
    DMA1_Channel6_IRQHandler                 0x0800029b   Thumb Code     0  startup_stm32f10x_hd.o(.text)
    DMA1_Channel7_IRQHandler                 0x0800029b   Thumb Code     0  startup_stm32f10x_hd.o(.text)
    DMA2_Channel1_IRQHandler                 0x0800029b   Thumb Code     0  startup_stm32f10x_hd.o(.text)
    DMA2_Channel2_IRQHandler                 0x0800029b   Thumb Code     0  startup_stm32f10x_hd.o(.text)
    DMA2_Channel3_IRQHandler                 0x0800029b   Thumb Code     0  startup_stm32f10x_hd.o(.text)
    DMA2_Channel4_5_IRQHandler               0x0800029b   Thumb Code     0  startup_stm32f10x_hd.o(.text)
    EXTI0_IRQHandler                         0x0800029b   Thumb Code     0  startup_stm32f10x_hd.o(.text)
    EXTI15_10_IRQHandler                     0x0800029b   Thumb Code     0  startup_stm32f10x_hd.o(.text)
    EXTI1_IRQHandler                         0x0800029b   Thumb Code     0  startup_stm32f10x_hd.o(.text)
    EXTI2_IRQHandler                         0x0800029b   Thumb Code     0  startup_stm32f10x_hd.o(.text)
    EXTI3_IRQHandler                         0x0800029b   Thumb Code     0  startup_stm32f10x_hd.o(.text)
    EXTI4_IRQHandler                         0x0800029b   Thumb Code     0  startup_stm32f10x_hd.o(.text)
    EXTI9_5_IRQHandler                       0x0800029b   Thumb Code     0  startup_stm32f10x_hd.o(.text)
    FLASH_IRQHandler                         0x0800029b   Thumb Code     0  startup_stm32f10x_hd.o(.text)
    FSMC_IRQHandler                          0x0800029b   Thumb Code     0  startup_stm32f10x_hd.o(.text)
    I2C1_ER_IRQHandler                       0x0800029b   Thumb Code     0  startup_stm32f10x_hd.o(.text)
    I2C1_EV_IRQHandler                       0x0800029b   Thumb Code     0  startup_stm32f10x_hd.o(.text)
    I2C2_ER_IRQHandler                       0x0800029b   Thumb Code     0  startup_stm32f10x_hd.o(.text)
    I2C2_EV_IRQHandler                       0x0800029b   Thumb Code     0  startup_stm32f10x_hd.o(.text)
    PVD_IRQHandler                           0x0800029b   Thumb Code     0  startup_stm32f10x_hd.o(.text)
    RCC_IRQHandler                           0x0800029b   Thumb Code     0  startup_stm32f10x_hd.o(.text)
    RTCAlarm_IRQHandler                      0x0800029b   Thumb Code     0  startup_stm32f10x_hd.o(.text)
    RTC_IRQHandler                           0x0800029b   Thumb Code     0  startup_stm32f10x_hd.o(.text)
    SDIO_IRQHandler                          0x0800029b   Thumb Code     0  startup_stm32f10x_hd.o(.text)
    SPI1_IRQHandler                          0x0800029b   Thumb Code     0  startup_stm32f10x_hd.o(.text)
    SPI2_IRQHandler                          0x0800029b   Thumb Code     0  startup_stm32f10x_hd.o(.text)
    SPI3_IRQHandler                          0x0800029b   Thumb Code     0  startup_stm32f10x_hd.o(.text)
    TAMPER_IRQHandler                        0x0800029b   Thumb Code     0  startup_stm32f10x_hd.o(.text)
    TIM1_BRK_IRQHandler                      0x0800029b   Thumb Code     0  startup_stm32f10x_hd.o(.text)
    TIM1_CC_IRQHandler                       0x0800029b   Thumb Code     0  startup_stm32f10x_hd.o(.text)
    TIM1_TRG_COM_IRQHandler                  0x0800029b   Thumb Code     0  startup_stm32f10x_hd.o(.text)
    TIM1_UP_IRQHandler                       0x0800029b   Thumb Code     0  startup_stm32f10x_hd.o(.text)
    TIM2_IRQHandler                          0x0800029b   Thumb Code     0  startup_stm32f10x_hd.o(.text)
    TIM4_IRQHandler                          0x0800029b   Thumb Code     0  startup_stm32f10x_hd.o(.text)
    TIM5_IRQHandler                          0x0800029b   Thumb Code     0  startup_stm32f10x_hd.o(.text)
    TIM6_IRQHandler                          0x0800029b   Thumb Code     0  startup_stm32f10x_hd.o(.text)
    TIM7_IRQHandler                          0x0800029b   Thumb Code     0  startup_stm32f10x_hd.o(.text)
    TIM8_BRK_IRQHandler                      0x0800029b   Thumb Code     0  startup_stm32f10x_hd.o(.text)
    TIM8_CC_IRQHandler                       0x0800029b   Thumb Code     0  startup_stm32f10x_hd.o(.text)
    TIM8_TRG_COM_IRQHandler                  0x0800029b   Thumb Code     0  startup_stm32f10x_hd.o(.text)
    TIM8_UP_IRQHandler                       0x0800029b   Thumb Code     0  startup_stm32f10x_hd.o(.text)
    UART4_IRQHandler                         0x0800029b   Thumb Code     0  startup_stm32f10x_hd.o(.text)
    UART5_IRQHandler                         0x0800029b   Thumb Code     0  startup_stm32f10x_hd.o(.text)
    USART3_IRQHandler                        0x0800029b   Thumb Code     0  startup_stm32f10x_hd.o(.text)
    USBWakeUp_IRQHandler                     0x0800029b   Thumb Code     0  startup_stm32f10x_hd.o(.text)
    USB_HP_CAN1_TX_IRQHandler                0x0800029b   Thumb Code     0  startup_stm32f10x_hd.o(.text)
    USB_LP_CAN1_RX0_IRQHandler               0x0800029b   Thumb Code     0  startup_stm32f10x_hd.o(.text)
    WWDG_IRQHandler                          0x0800029b   Thumb Code     0  startup_stm32f10x_hd.o(.text)
    __user_initial_stackheap                 0x0800029d   Thumb Code     0  startup_stm32f10x_hd.o(.text)
    malloc                                   0x080002c1   Thumb Code    94  h1_alloc.o(.text)
    free                                     0x0800031f   Thumb Code    78  h1_free.o(.text)
    vsnprintf                                0x0800036d   Thumb Code    48  vsnprintf.o(.text)
    __2sprintf                               0x080003a1   Thumb Code    38  __2sprintf.o(.text)
    _printf_int_dec                          0x080003cd   Thumb Code   104  _printf_dec.o(.text)
    __printf                                 0x08000445   Thumb Code   388  __printf_flags_ss_wp.o(.text)
    atoi                                     0x080005cd   Thumb Code    26  atoi.o(.text)
    strchr                                   0x080005e7   Thumb Code    20  strchr.o(.text)
    strncat                                  0x080005fb   Thumb Code    36  strncat.o(.text)
    strstr                                   0x0800061f   Thumb Code    36  strstr.o(.text)
    strlen                                   0x08000643   Thumb Code    62  strlen.o(.text)
    strcat                                   0x08000681   Thumb Code    24  strcat.o(.text)
    __aeabi_memclr                           0x08000699   Thumb Code     0  rt_memclr.o(.text)
    __rt_memclr                              0x08000699   Thumb Code    68  rt_memclr.o(.text)
    _memset                                  0x0800069d   Thumb Code     0  rt_memclr.o(.text)
    __aeabi_memclr4                          0x080006dd   Thumb Code     0  rt_memclr_w.o(.text)
    __aeabi_memclr8                          0x080006dd   Thumb Code     0  rt_memclr_w.o(.text)
    __rt_memclr_w                            0x080006dd   Thumb Code    78  rt_memclr_w.o(.text)
    _memset_w                                0x080006e1   Thumb Code     0  rt_memclr_w.o(.text)
    __use_two_region_memory                  0x0800072b   Thumb Code     2  heapauxi.o(.text)
    __rt_heap_escrow                         0x0800072d   Thumb Code     2  heapauxi.o(.text)
    __rt_heap_expand                         0x0800072f   Thumb Code     2  heapauxi.o(.text)
    __rt_heap_descriptor                     0x08000731   Thumb Code     8  rt_heap_descriptor_intlibspace.o(.text)
    __aeabi_errno_addr                       0x08000739   Thumb Code     8  rt_errno_addr_intlibspace.o(.text)
    __errno$intlibspace                      0x08000739   Thumb Code     0  rt_errno_addr_intlibspace.o(.text)
    __rt_errno_addr$intlibspace              0x08000739   Thumb Code     0  rt_errno_addr_intlibspace.o(.text)
    __use_no_heap                            0x08000741   Thumb Code     2  hguard.o(.text)
    __heap$guard                             0x08000743   Thumb Code     2  hguard.o(.text)
    _terminate_user_alloc                    0x08000745   Thumb Code     2  init_alloc.o(.text)
    _init_user_alloc                         0x08000747   Thumb Code     2  init_alloc.o(.text)
    __Heap_Full                              0x08000749   Thumb Code    34  init_alloc.o(.text)
    __Heap_Broken                            0x0800076b   Thumb Code     6  init_alloc.o(.text)
    _init_alloc                              0x08000771   Thumb Code    94  init_alloc.o(.text)
    __Heap_Initialize                        0x080007cf   Thumb Code    10  h1_init.o(.text)
    __Heap_DescSize                          0x080007d9   Thumb Code     4  h1_init.o(.text)
    _printf_pre_padding                      0x080007dd   Thumb Code    44  _printf_pad.o(.text)
    _printf_post_padding                     0x08000809   Thumb Code    34  _printf_pad.o(.text)
    _printf_truncate_signed                  0x0800082b   Thumb Code    18  _printf_truncate.o(.text)
    _printf_truncate_unsigned                0x0800083d   Thumb Code    18  _printf_truncate.o(.text)
    _printf_str                              0x0800084f   Thumb Code    82  _printf_str.o(.text)
    _printf_int_common                       0x080008a1   Thumb Code   178  _printf_intcommon.o(.text)
    _printf_charcount                        0x08000953   Thumb Code    40  _printf_charcount.o(.text)
    __lib_sel_fp_printf                      0x0800097b   Thumb Code     2  _printf_fp_dec.o(.text)
    _printf_fp_dec_real                      0x08000b29   Thumb Code   620  _printf_fp_dec.o(.text)
    _printf_char_common                      0x08000d9f   Thumb Code    32  _printf_char_common.o(.text)
    _sputc                                   0x08000dc5   Thumb Code    10  _sputc.o(.text)
    _snputc                                  0x08000dcf   Thumb Code    16  _snputc.o(.text)
    _printf_wctomb                           0x08000de1   Thumb Code   182  _printf_wctomb.o(.text)
    _printf_longlong_dec                     0x08000e9d   Thumb Code   108  _printf_longlong_dec.o(.text)
    _printf_longlong_oct                     0x08000f19   Thumb Code    68  _printf_oct_int_ll.o(.text)
    _printf_int_oct                          0x08000f5d   Thumb Code    24  _printf_oct_int_ll.o(.text)
    _printf_ll_oct                           0x08000f75   Thumb Code    12  _printf_oct_int_ll.o(.text)
    _printf_longlong_hex                     0x08000f89   Thumb Code    86  _printf_hex_int_ll_ptr.o(.text)
    _printf_int_hex                          0x08000fdf   Thumb Code    28  _printf_hex_int_ll_ptr.o(.text)
    _printf_ll_hex                           0x08000ffb   Thumb Code    12  _printf_hex_int_ll_ptr.o(.text)
    _printf_hex_ptr                          0x08001007   Thumb Code    18  _printf_hex_int_ll_ptr.o(.text)
    strtol                                   0x0800101d   Thumb Code   112  strtol.o(.text)
    __user_libspace                          0x0800108d   Thumb Code     8  libspace.o(.text)
    __user_perproc_libspace                  0x0800108d   Thumb Code     0  libspace.o(.text)
    __user_perthread_libspace                0x0800108d   Thumb Code     0  libspace.o(.text)
    __rt_ctype_table                         0x08001095   Thumb Code    16  rt_ctype_table.o(.text)
    __rt_locale                              0x080010a5   Thumb Code     8  rt_locale_intlibspace.o(.text)
    __Heap_ProvideMemory                     0x080010ad   Thumb Code    52  h1_extend.o(.text)
    _ll_udiv10                               0x080010e1   Thumb Code   138  lludiv10.o(.text)
    _printf_fp_hex_real                      0x0800116d   Thumb Code   754  _printf_fp_hex.o(.text)
    _printf_fp_infnan                        0x08001469   Thumb Code   112  _printf_fp_infnan.o(.text)
    _printf_cs_common                        0x080014e9   Thumb Code    20  _printf_char.o(.text)
    _printf_char                             0x080014fd   Thumb Code    16  _printf_char.o(.text)
    _printf_string                           0x0800150d   Thumb Code     8  _printf_char.o(.text)
    _printf_lcs_common                       0x08001515   Thumb Code    20  _printf_wchar.o(.text)
    _printf_wchar                            0x08001529   Thumb Code    16  _printf_wchar.o(.text)
    _printf_wstring                          0x08001539   Thumb Code     8  _printf_wchar.o(.text)
    _strtoul                                 0x08001541   Thumb Code   158  _strtoul.o(.text)
    _btod_etento                             0x080015e1   Thumb Code   216  bigflt0.o(.text)
    _wcrtomb                                 0x080016bd   Thumb Code    64  _wcrtomb.o(.text)
    __rt_SIGRTMEM                            0x080016fd   Thumb Code    14  defsig_rtmem_outer.o(.text)
    __I$use$semihosting                      0x0800170b   Thumb Code     0  use_no_semi.o(.text)
    __use_no_semihosting_swi                 0x0800170b   Thumb Code     2  use_no_semi.o(.text)
    __semihosting_library_function           0x0800170d   Thumb Code     0  indicate_semi.o(.text)
    __user_setup_stackheap                   0x0800170d   Thumb Code    74  sys_stackheap_outer.o(.text)
    _chval                                   0x08001757   Thumb Code    28  _chval.o(.text)
    exit                                     0x08001773   Thumb Code    12  exit.o(.text)
    __sig_exit                               0x0800177f   Thumb Code    10  defsig_exit.o(.text)
    __rt_SIGRTMEM_inner                      0x08001789   Thumb Code    22  defsig_rtmem_inner.o(.text)
    strcmp                                   0x080017d9   Thumb Code   128  strcmpv7m.o(.text)
    _sys_exit                                0x08001859   Thumb Code     8  sys_exit.o(.text)
    __default_signal_display                 0x08001865   Thumb Code    50  defsig_general.o(.text)
    _ttywrch                                 0x08001897   Thumb Code    14  sys_wrch.o(.text)
    _btod_d2e                                0x080018a5   Thumb Code    62  btod.o(CL$$btod_d2e)
    _d2e_denorm_low                          0x080018e3   Thumb Code    70  btod.o(CL$$btod_d2e_denorm_low)
    _d2e_norm_op1                            0x08001929   Thumb Code    96  btod.o(CL$$btod_d2e_norm_op1)
    __btod_div_common                        0x08001989   Thumb Code   696  btod.o(CL$$btod_div_common)
    _e2e                                     0x08001cc1   Thumb Code   198  btod.o(CL$$btod_e2e)
    _btod_ediv                               0x08001d87   Thumb Code    40  btod.o(CL$$btod_ediv)
    _btod_emul                               0x08001daf   Thumb Code    40  btod.o(CL$$btod_emul)
    __btod_mult_common                       0x08001dd7   Thumb Code   580  btod.o(CL$$btod_mult_common)
    ADC_Cmd                                  0x0800201b   Thumb Code    22  stm32f10x_adc.o(i.ADC_Cmd)
    ADC_DeInit                               0x08002031   Thumb Code    78  stm32f10x_adc.o(i.ADC_DeInit)
    ADC_GetCalibrationStatus                 0x0800208d   Thumb Code    20  stm32f10x_adc.o(i.ADC_GetCalibrationStatus)
    ADC_GetConversionValue                   0x080020a1   Thumb Code     8  stm32f10x_adc.o(i.ADC_GetConversionValue)
    ADC_GetFlagStatus                        0x080020a9   Thumb Code    18  stm32f10x_adc.o(i.ADC_GetFlagStatus)
    ADC_GetResetCalibrationStatus            0x080020bb   Thumb Code    20  stm32f10x_adc.o(i.ADC_GetResetCalibrationStatus)
    ADC_Init                                 0x080020d1   Thumb Code    70  stm32f10x_adc.o(i.ADC_Init)
    ADC_RegularChannelConfig                 0x08002121   Thumb Code   184  stm32f10x_adc.o(i.ADC_RegularChannelConfig)
    ADC_ResetCalibration                     0x080021d9   Thumb Code    10  stm32f10x_adc.o(i.ADC_ResetCalibration)
    ADC_SoftwareStartConvCmd                 0x080021e3   Thumb Code    22  stm32f10x_adc.o(i.ADC_SoftwareStartConvCmd)
    ADC_StartCalibration                     0x080021f9   Thumb Code    10  stm32f10x_adc.o(i.ADC_StartCalibration)
    Adc_Init                                 0x08002205   Thumb Code   132  adc.o(i.Adc_Init)
    BusFault_Handler                         0x08002291   Thumb Code     4  stm32f10x_it.o(i.BusFault_Handler)
    DebugMon_Handler                         0x08002295   Thumb Code     2  stm32f10x_it.o(i.DebugMon_Handler)
    EDP_DeleteBuffer                         0x08002297   Thumb Code    28  edpkit.o(i.EDP_DeleteBuffer)
    EDP_NewBuffer                            0x080022b3   Thumb Code    88  edpkit.o(i.EDP_NewBuffer)
    EDP_PacketConnect1                       0x0800230d   Thumb Code   232  edpkit.o(i.EDP_PacketConnect1)
    EDP_PacketSaveData                       0x080023f9   Thumb Code   460  edpkit.o(i.EDP_PacketSaveData)
    EDP_UnPacketConnectRsp                   0x080025c5   Thumb Code     6  edpkit.o(i.EDP_UnPacketConnectRsp)
    EDP_UnPacketRecv                         0x080025cb   Thumb Code     6  edpkit.o(i.EDP_UnPacketRecv)
    ESP8266_Clear                            0x080025d1   Thumb Code    18  esp8266.o(i.ESP8266_Clear)
    ESP8266_GetIPD                           0x080025ed   Thumb Code    78  esp8266.o(i.ESP8266_GetIPD)
    ESP8266_Init                             0x08002661   Thumb Code   216  esp8266.o(i.ESP8266_Init)
    ESP8266_SendCmd                          0x08002819   Thumb Code    76  esp8266.o(i.ESP8266_SendCmd)
    ESP8266_SendData                         0x0800286d   Thumb Code    46  esp8266.o(i.ESP8266_SendData)
    ESP8266_StaTcpClient_UnvarnishTest       0x080028b5   Thumb Code   330  esp8266.o(i.ESP8266_StaTcpClient_UnvarnishTest)
    ESP8266_WaitRecive                       0x08002b41   Thumb Code    42  esp8266.o(i.ESP8266_WaitRecive)
    GPIO_Init                                0x08002b75   Thumb Code   278  stm32f10x_gpio.o(i.GPIO_Init)
    GPIO_PinRemapConfig                      0x08002c8d   Thumb Code   138  stm32f10x_gpio.o(i.GPIO_PinRemapConfig)
    GPIO_ReadInputDataBit                    0x08002d1d   Thumb Code    18  stm32f10x_gpio.o(i.GPIO_ReadInputDataBit)
    GPIO_SetBits                             0x08002d2f   Thumb Code     4  stm32f10x_gpio.o(i.GPIO_SetBits)
    Get_Adc                                  0x08002d35   Thumb Code    46  adc.o(i.Get_Adc)
    Get_Adc_Average                          0x08002d69   Thumb Code    46  adc.o(i.Get_Adc_Average)
    HardFault_Handler                        0x08002d97   Thumb Code     4  stm32f10x_it.o(i.HardFault_Handler)
    KEY_Init                                 0x08002d9d   Thumb Code    32  key.o(i.KEY_Init)
    KEY_Scan                                 0x08002dc1   Thumb Code   220  key.o(i.KEY_Scan)
    Key_Control_Pwm                          0x08002ea5   Thumb Code    72  main.o(i.Key_Control_Pwm)
    LED_Init                                 0x08002ef5   Thumb Code    50  led.o(i.LED_Init)
    MemManage_Handler                        0x08002f2d   Thumb Code     4  stm32f10x_it.o(i.MemManage_Handler)
    NMI_Handler                              0x08002f31   Thumb Code     2  stm32f10x_it.o(i.NMI_Handler)
    NVIC_Configuration                       0x08002f33   Thumb Code    12  sys.o(i.NVIC_Configuration)
    NVIC_Init                                0x08002f41   Thumb Code   100  misc.o(i.NVIC_Init)
    NVIC_PriorityGroupConfig                 0x08002fb1   Thumb Code    10  misc.o(i.NVIC_PriorityGroupConfig)
    OneNet_DevLink                           0x08002fc5   Thumb Code   240  onenet.o(i.OneNet_DevLink)
    OneNet_FillBuf                           0x08003291   Thumb Code   244  onenet.o(i.OneNet_FillBuf)
    OneNet_SendData                          0x080033cd   Thumb Code   132  onenet.o(i.OneNet_SendData)
    PendSV_Handler                           0x080034ad   Thumb Code     2  stm32f10x_it.o(i.PendSV_Handler)
    RCC_ADCCLKConfig                         0x080034b1   Thumb Code    18  stm32f10x_rcc.o(i.RCC_ADCCLKConfig)
    RCC_APB1PeriphClockCmd                   0x080034c9   Thumb Code    26  stm32f10x_rcc.o(i.RCC_APB1PeriphClockCmd)
    RCC_APB2PeriphClockCmd                   0x080034e9   Thumb Code    26  stm32f10x_rcc.o(i.RCC_APB2PeriphClockCmd)
    RCC_APB2PeriphResetCmd                   0x08003509   Thumb Code    26  stm32f10x_rcc.o(i.RCC_APB2PeriphResetCmd)
    RCC_GetClocksFreq                        0x08003529   Thumb Code   192  stm32f10x_rcc.o(i.RCC_GetClocksFreq)
    SVC_Handler                              0x080035fd   Thumb Code     2  stm32f10x_it.o(i.SVC_Handler)
    Send_Data_Onenet                         0x08003601   Thumb Code    90  main.o(i.Send_Data_Onenet)
    SysTick_CLKSourceConfig                  0x08003765   Thumb Code    40  misc.o(i.SysTick_CLKSourceConfig)
    SysTick_Handler                          0x0800378d   Thumb Code     2  stm32f10x_it.o(i.SysTick_Handler)
    SystemInit                               0x08003791   Thumb Code    78  system_stm32f10x.o(i.SystemInit)
    TIM3_IRQHandler                          0x080037f1   Thumb Code    38  timer.o(i.TIM3_IRQHandler)
    TIM3_PWM_Init                            0x08003821   Thumb Code   130  timer.o(i.TIM3_PWM_Init)
    TIM_ClearITPendingBit                    0x080038b1   Thumb Code     6  stm32f10x_tim.o(i.TIM_ClearITPendingBit)
    TIM_Cmd                                  0x080038b7   Thumb Code    24  stm32f10x_tim.o(i.TIM_Cmd)
    TIM_GetITStatus                          0x080038cf   Thumb Code    34  stm32f10x_tim.o(i.TIM_GetITStatus)
    TIM_OC2Init                              0x080038f1   Thumb Code   154  stm32f10x_tim.o(i.TIM_OC2Init)
    TIM_OC2PreloadConfig                     0x08003995   Thumb Code    26  stm32f10x_tim.o(i.TIM_OC2PreloadConfig)
    TIM_SetCompare2                          0x080039af   Thumb Code     4  stm32f10x_tim.o(i.TIM_SetCompare2)
    TIM_TimeBaseInit                         0x080039b5   Thumb Code   122  stm32f10x_tim.o(i.TIM_TimeBaseInit)
    USART1_IRQHandler                        0x08003a59   Thumb Code    24  usart.o(i.USART1_IRQHandler)
    USART2_IRQHandler                        0x08003a75   Thumb Code    62  esp8266.o(i.USART2_IRQHandler)
    USART_ClearFlag                          0x08003ac1   Thumb Code    18  stm32f10x_usart.o(i.USART_ClearFlag)
    USART_Cmd                                0x08003ad3   Thumb Code    24  stm32f10x_usart.o(i.USART_Cmd)
    USART_GetFlagStatus                      0x08003aeb   Thumb Code    26  stm32f10x_usart.o(i.USART_GetFlagStatus)
    USART_GetITStatus                        0x08003b05   Thumb Code    84  stm32f10x_usart.o(i.USART_GetITStatus)
    USART_ITConfig                           0x08003b59   Thumb Code    74  stm32f10x_usart.o(i.USART_ITConfig)
    USART_Init                               0x08003ba5   Thumb Code   210  stm32f10x_usart.o(i.USART_Init)
    USART_SendData                           0x08003c7d   Thumb Code     8  stm32f10x_usart.o(i.USART_SendData)
    UsageFault_Handler                       0x08003c85   Thumb Code     4  stm32f10x_it.o(i.UsageFault_Handler)
    Usart1_Init                              0x08003c89   Thumb Code   166  usart.o(i.Usart1_Init)
    Usart2_Init                              0x08003d39   Thumb Code   162  usart.o(i.Usart2_Init)
    UsartPrintf                              0x08003de5   Thumb Code    72  usart.o(i.UsartPrintf)
    Usart_SendString                         0x08003e2d   Thumb Code    50  usart.o(i.Usart_SendString)
    WriteRemainlen                           0x08003e5f   Thumb Code    46  edpkit.o(i.WriteRemainlen)
    __ARM_fpclassify                         0x08003e8d   Thumb Code    40  fpclassify.o(i.__ARM_fpclassify)
    _is_digit                                0x08003eb5   Thumb Code    14  __printf_wp.o(i._is_digit)
    delay_init                               0x08003ec5   Thumb Code    50  delay.o(i.delay_init)
    delay_ms                                 0x08003f09   Thumb Code    72  delay.o(i.delay_ms)
    esp8266_rec                              0x08003f55   Thumb Code   120  main.o(i.esp8266_rec)
    main                                     0x08004009   Thumb Code   174  main.o(i.main)
    _get_lc_numeric                          0x080040e5   Thumb Code    44  lc_numeric_c.o(locale$$code)
    _get_lc_ctype                            0x08004111   Thumb Code    44  lc_ctype_c.o(locale$$code)
    __aeabi_d2f                              0x0800413d   Thumb Code     0  d2f.o(x$fpl$d2f)
    _d2f                                     0x0800413d   Thumb Code    98  d2f.o(x$fpl$d2f)
    __aeabi_dmul                             0x080041a1   Thumb Code     0  dmul.o(x$fpl$dmul)
    _dmul                                    0x080041a1   Thumb Code   332  dmul.o(x$fpl$dmul)
    __fpl_dnaninf                            0x080042f5   Thumb Code   156  dnaninf.o(x$fpl$dnaninf)
    __fpl_dretinf                            0x08004391   Thumb Code    12  dretinf.o(x$fpl$dretinf)
    __aeabi_f2d                              0x0800439d   Thumb Code     0  f2d.o(x$fpl$f2d)
    _f2d                                     0x0800439d   Thumb Code    86  f2d.o(x$fpl$f2d)
    __aeabi_i2f                              0x080043f5   Thumb Code     0  fflt_clz.o(x$fpl$fflt)
    _fflt                                    0x080043f5   Thumb Code    48  fflt_clz.o(x$fpl$fflt)
    __aeabi_fmul                             0x08004425   Thumb Code     0  fmul.o(x$fpl$fmul)
    _fmul                                    0x08004425   Thumb Code   258  fmul.o(x$fpl$fmul)
    __fpl_fnaninf                            0x08004527   Thumb Code   140  fnaninf.o(x$fpl$fnaninf)
    __fpl_fretinf                            0x080045b3   Thumb Code    10  fretinf.o(x$fpl$fretinf)
    _printf_fp_dec                           0x080045bd   Thumb Code     4  printf1.o(x$fpl$printf1)
    _printf_fp_hex                           0x080045c1   Thumb Code     4  printf2.o(x$fpl$printf2)
    __I$use$fp                               0x080045c4   Number         0  usenofp.o(x$fpl$usenofp)
    Region$$Table$$Base                      0x080046c4   Number         0  anon$$obj.o(Region$$Table)
    Region$$Table$$Limit                     0x080046e4   Number         0  anon$$obj.o(Region$$Table)
    __ctype                                  0x0800470d   Data           0  lc_ctype_c.o(locale$$data)
    SystemCoreClock                          0x20000008   Data           4  system_stm32f10x.o(.data)
    AHBPrescTable                            0x2000000c   Data          16  system_stm32f10x.o(.data)
    esp8266_cnt                              0x2000001c   Data           2  esp8266.o(.data)
    esp8266_cntPre                           0x2000001e   Data           2  esp8266.o(.data)
    esp8266_buf                              0x20000034   Data         128  esp8266.o(.bss)
    strEsp8266_Fram_Record                   0x200000b4   Data        1026  esp8266.o(.bss)
    __libspace_start                         0x200004b8   Data          96  libspace.o(.bss)
    __temporary_stack_top$libspace           0x20000518   Data           0  libspace.o(.bss)



==============================================================================

Memory Map of the image

  Image Entry point : 0x08000131

  Load Region LR_IROM1 (Base: 0x08000000, Size: 0x00004844, Max: 0x00010000, ABSOLUTE)

    Execution Region ER_IROM1 (Base: 0x08000000, Size: 0x00004810, Max: 0x00010000, ABSOLUTE)

    Base Addr    Size         Type   Attr      Idx    E Section Name        Object

    0x08000000   0x00000130   Data   RO         3631    RESET               startup_stm32f10x_hd.o
    0x08000130   0x00000008   Code   RO         3753  * !!!main             c_w.l(__main.o)
    0x08000138   0x00000034   Code   RO         4127    !!!scatter          c_w.l(__scatter.o)
    0x0800016c   0x0000001a   Code   RO         4129    !!handler_copy      c_w.l(__scatter_copy.o)
    0x08000186   0x00000002   PAD
    0x08000188   0x0000001c   Code   RO         4131    !!handler_zi        c_w.l(__scatter_zi.o)
    0x080001a4   0x00000000   Code   RO         3732    .ARM.Collect$$_printf_percent$$00000000  c_w.l(_printf_percent.o)
    0x080001a4   0x00000006   Code   RO         3856    .ARM.Collect$$_printf_percent$$00000001  c_w.l(_printf_n.o)
    0x080001aa   0x00000006   Code   RO         3858    .ARM.Collect$$_printf_percent$$00000002  c_w.l(_printf_p.o)
    0x080001b0   0x00000006   Code   RO         3731    .ARM.Collect$$_printf_percent$$00000003  c_w.l(_printf_f.o)
    0x080001b6   0x00000006   Code   RO         3862    .ARM.Collect$$_printf_percent$$00000004  c_w.l(_printf_e.o)
    0x080001bc   0x00000006   Code   RO         3863    .ARM.Collect$$_printf_percent$$00000005  c_w.l(_printf_g.o)
    0x080001c2   0x00000006   Code   RO         3864    .ARM.Collect$$_printf_percent$$00000006  c_w.l(_printf_a.o)
    0x080001c8   0x0000000a   Code   RO         3869    .ARM.Collect$$_printf_percent$$00000007  c_w.l(_printf_ll.o)
    0x080001d2   0x00000006   Code   RO         3860    .ARM.Collect$$_printf_percent$$00000008  c_w.l(_printf_i.o)
    0x080001d8   0x00000006   Code   RO         3730    .ARM.Collect$$_printf_percent$$00000009  c_w.l(_printf_d.o)
    0x080001de   0x00000006   Code   RO         3861    .ARM.Collect$$_printf_percent$$0000000A  c_w.l(_printf_u.o)
    0x080001e4   0x00000006   Code   RO         3859    .ARM.Collect$$_printf_percent$$0000000B  c_w.l(_printf_o.o)
    0x080001ea   0x00000006   Code   RO         3857    .ARM.Collect$$_printf_percent$$0000000C  c_w.l(_printf_x.o)
    0x080001f0   0x00000006   Code   RO         3866    .ARM.Collect$$_printf_percent$$0000000D  c_w.l(_printf_lli.o)
    0x080001f6   0x00000006   Code   RO         3867    .ARM.Collect$$_printf_percent$$0000000E  c_w.l(_printf_lld.o)
    0x080001fc   0x00000006   Code   RO         3868    .ARM.Collect$$_printf_percent$$0000000F  c_w.l(_printf_llu.o)
    0x08000202   0x00000006   Code   RO         3873    .ARM.Collect$$_printf_percent$$00000010  c_w.l(_printf_llo.o)
    0x08000208   0x00000006   Code   RO         3874    .ARM.Collect$$_printf_percent$$00000011  c_w.l(_printf_llx.o)
    0x0800020e   0x0000000a   Code   RO         3870    .ARM.Collect$$_printf_percent$$00000012  c_w.l(_printf_l.o)
    0x08000218   0x00000006   Code   RO         3854    .ARM.Collect$$_printf_percent$$00000013  c_w.l(_printf_c.o)
    0x0800021e   0x00000006   Code   RO         3855    .ARM.Collect$$_printf_percent$$00000014  c_w.l(_printf_s.o)
    0x08000224   0x00000006   Code   RO         3871    .ARM.Collect$$_printf_percent$$00000015  c_w.l(_printf_lc.o)
    0x0800022a   0x00000006   Code   RO         3872    .ARM.Collect$$_printf_percent$$00000016  c_w.l(_printf_ls.o)
    0x08000230   0x00000004   Code   RO         3865    .ARM.Collect$$_printf_percent$$00000017  c_w.l(_printf_percent_end.o)
    0x08000234   0x00000002   Code   RO         4067    .ARM.Collect$$libinit$$00000000  c_w.l(libinit.o)
    0x08000236   0x00000000   Code   RO         3882    .ARM.Collect$$libinit$$00000002  c_w.l(libinit2.o)
    0x08000236   0x00000000   Code   RO         3884    .ARM.Collect$$libinit$$00000004  c_w.l(libinit2.o)
    0x08000236   0x00000008   Code   RO         3885    .ARM.Collect$$libinit$$00000005  c_w.l(libinit2.o)
    0x0800023e   0x00000000   Code   RO         3887    .ARM.Collect$$libinit$$0000000A  c_w.l(libinit2.o)
    0x0800023e   0x00000000   Code   RO         3889    .ARM.Collect$$libinit$$0000000C  c_w.l(libinit2.o)
    0x0800023e   0x00000000   Code   RO         3891    .ARM.Collect$$libinit$$0000000E  c_w.l(libinit2.o)
    0x0800023e   0x00000006   Code   RO         3892    .ARM.Collect$$libinit$$0000000F  c_w.l(libinit2.o)
    0x08000244   0x00000000   Code   RO         3894    .ARM.Collect$$libinit$$00000011  c_w.l(libinit2.o)
    0x08000244   0x0000000c   Code   RO         3895    .ARM.Collect$$libinit$$00000012  c_w.l(libinit2.o)
    0x08000250   0x00000000   Code   RO         3896    .ARM.Collect$$libinit$$00000013  c_w.l(libinit2.o)
    0x08000250   0x00000000   Code   RO         3898    .ARM.Collect$$libinit$$00000015  c_w.l(libinit2.o)
    0x08000250   0x0000000a   Code   RO         3899    .ARM.Collect$$libinit$$00000016  c_w.l(libinit2.o)
    0x0800025a   0x00000000   Code   RO         3900    .ARM.Collect$$libinit$$00000017  c_w.l(libinit2.o)
    0x0800025a   0x00000000   Code   RO         3902    .ARM.Collect$$libinit$$00000019  c_w.l(libinit2.o)
    0x0800025a   0x00000000   Code   RO         3904    .ARM.Collect$$libinit$$0000001B  c_w.l(libinit2.o)
    0x0800025a   0x00000000   Code   RO         3906    .ARM.Collect$$libinit$$0000001D  c_w.l(libinit2.o)
    0x0800025a   0x00000000   Code   RO         3908    .ARM.Collect$$libinit$$0000001F  c_w.l(libinit2.o)
    0x0800025a   0x00000000   Code   RO         3910    .ARM.Collect$$libinit$$00000021  c_w.l(libinit2.o)
    0x0800025a   0x00000000   Code   RO         3912    .ARM.Collect$$libinit$$00000023  c_w.l(libinit2.o)
    0x0800025a   0x00000000   Code   RO         3914    .ARM.Collect$$libinit$$00000025  c_w.l(libinit2.o)
    0x0800025a   0x00000000   Code   RO         3918    .ARM.Collect$$libinit$$0000002C  c_w.l(libinit2.o)
    0x0800025a   0x00000000   Code   RO         3920    .ARM.Collect$$libinit$$0000002E  c_w.l(libinit2.o)
    0x0800025a   0x00000000   Code   RO         3922    .ARM.Collect$$libinit$$00000030  c_w.l(libinit2.o)
    0x0800025a   0x00000000   Code   RO         3924    .ARM.Collect$$libinit$$00000032  c_w.l(libinit2.o)
    0x0800025a   0x00000002   Code   RO         3925    .ARM.Collect$$libinit$$00000033  c_w.l(libinit2.o)
    0x0800025c   0x00000002   Code   RO         4124    .ARM.Collect$$libshutdown$$00000000  c_w.l(libshutdown.o)
    0x0800025e   0x00000000   Code   RO         4082    .ARM.Collect$$libshutdown$$00000003  c_w.l(libshutdown2.o)
    0x0800025e   0x00000000   Code   RO         4085    .ARM.Collect$$libshutdown$$00000006  c_w.l(libshutdown2.o)
    0x0800025e   0x00000000   Code   RO         4088    .ARM.Collect$$libshutdown$$00000009  c_w.l(libshutdown2.o)
    0x0800025e   0x00000000   Code   RO         4090    .ARM.Collect$$libshutdown$$0000000B  c_w.l(libshutdown2.o)
    0x0800025e   0x00000000   Code   RO         4093    .ARM.Collect$$libshutdown$$0000000E  c_w.l(libshutdown2.o)
    0x0800025e   0x00000002   Code   RO         4094    .ARM.Collect$$libshutdown$$0000000F  c_w.l(libshutdown2.o)
    0x08000260   0x00000000   Code   RO         3773    .ARM.Collect$$rtentry$$00000000  c_w.l(__rtentry.o)
    0x08000260   0x00000000   Code   RO         3947    .ARM.Collect$$rtentry$$00000002  c_w.l(__rtentry2.o)
    0x08000260   0x00000006   Code   RO         3959    .ARM.Collect$$rtentry$$00000004  c_w.l(__rtentry4.o)
    0x08000266   0x00000000   Code   RO         3949    .ARM.Collect$$rtentry$$00000009  c_w.l(__rtentry2.o)
    0x08000266   0x00000004   Code   RO         3950    .ARM.Collect$$rtentry$$0000000A  c_w.l(__rtentry2.o)
    0x0800026a   0x00000000   Code   RO         3952    .ARM.Collect$$rtentry$$0000000C  c_w.l(__rtentry2.o)
    0x0800026a   0x00000008   Code   RO         3953    .ARM.Collect$$rtentry$$0000000D  c_w.l(__rtentry2.o)
    0x08000272   0x00000002   Code   RO         4070    .ARM.Collect$$rtexit$$00000000  c_w.l(rtexit.o)
    0x08000274   0x00000000   Code   RO         4098    .ARM.Collect$$rtexit$$00000002  c_w.l(rtexit2.o)
    0x08000274   0x00000004   Code   RO         4099    .ARM.Collect$$rtexit$$00000003  c_w.l(rtexit2.o)
    0x08000278   0x00000006   Code   RO         4100    .ARM.Collect$$rtexit$$00000004  c_w.l(rtexit2.o)
    0x0800027e   0x00000002   PAD
    0x08000280   0x00000000   Code   RO         3970    .emb_text           c_w.l(maybetermalloc1.o)
    0x08000280   0x00000040   Code   RO         3632    .text               startup_stm32f10x_hd.o
    0x080002c0   0x0000005e   Code   RO         3642    .text               c_w.l(h1_alloc.o)
    0x0800031e   0x0000004e   Code   RO         3644    .text               c_w.l(h1_free.o)
    0x0800036c   0x00000034   Code   RO         3700    .text               c_w.l(vsnprintf.o)
    0x080003a0   0x0000002c   Code   RO         3702    .text               c_w.l(__2sprintf.o)
    0x080003cc   0x00000078   Code   RO         3708    .text               c_w.l(_printf_dec.o)
    0x08000444   0x00000188   Code   RO         3727    .text               c_w.l(__printf_flags_ss_wp.o)
    0x080005cc   0x0000001a   Code   RO         3733    .text               c_w.l(atoi.o)
    0x080005e6   0x00000014   Code   RO         3735    .text               c_w.l(strchr.o)
    0x080005fa   0x00000024   Code   RO         3737    .text               c_w.l(strncat.o)
    0x0800061e   0x00000024   Code   RO         3739    .text               c_w.l(strstr.o)
    0x08000642   0x0000003e   Code   RO         3741    .text               c_w.l(strlen.o)
    0x08000680   0x00000018   Code   RO         3743    .text               c_w.l(strcat.o)
    0x08000698   0x00000044   Code   RO         3747    .text               c_w.l(rt_memclr.o)
    0x080006dc   0x0000004e   Code   RO         3749    .text               c_w.l(rt_memclr_w.o)
    0x0800072a   0x00000006   Code   RO         3751    .text               c_w.l(heapauxi.o)
    0x08000730   0x00000008   Code   RO         3777    .text               c_w.l(rt_heap_descriptor_intlibspace.o)
    0x08000738   0x00000008   Code   RO         3782    .text               c_w.l(rt_errno_addr_intlibspace.o)
    0x08000740   0x00000004   Code   RO         3784    .text               c_w.l(hguard.o)
    0x08000744   0x0000008a   Code   RO         3786    .text               c_w.l(init_alloc.o)
    0x080007ce   0x0000000e   Code   RO         3790    .text               c_w.l(h1_init.o)
    0x080007dc   0x0000004e   Code   RO         3804    .text               c_w.l(_printf_pad.o)
    0x0800082a   0x00000024   Code   RO         3806    .text               c_w.l(_printf_truncate.o)
    0x0800084e   0x00000052   Code   RO         3808    .text               c_w.l(_printf_str.o)
    0x080008a0   0x000000b2   Code   RO         3810    .text               c_w.l(_printf_intcommon.o)
    0x08000952   0x00000028   Code   RO         3812    .text               c_w.l(_printf_charcount.o)
    0x0800097a   0x0000041a   Code   RO         3814    .text               c_w.l(_printf_fp_dec.o)
    0x08000d94   0x00000030   Code   RO         3816    .text               c_w.l(_printf_char_common.o)
    0x08000dc4   0x0000000a   Code   RO         3818    .text               c_w.l(_sputc.o)
    0x08000dce   0x00000010   Code   RO         3820    .text               c_w.l(_snputc.o)
    0x08000dde   0x00000002   PAD
    0x08000de0   0x000000bc   Code   RO         3822    .text               c_w.l(_printf_wctomb.o)
    0x08000e9c   0x0000007c   Code   RO         3825    .text               c_w.l(_printf_longlong_dec.o)
    0x08000f18   0x00000070   Code   RO         3831    .text               c_w.l(_printf_oct_int_ll.o)
    0x08000f88   0x00000094   Code   RO         3851    .text               c_w.l(_printf_hex_int_ll_ptr.o)
    0x0800101c   0x00000070   Code   RO         3875    .text               c_w.l(strtol.o)
    0x0800108c   0x00000008   Code   RO         3943    .text               c_w.l(libspace.o)
    0x08001094   0x00000010   Code   RO         3961    .text               c_w.l(rt_ctype_table.o)
    0x080010a4   0x00000008   Code   RO         3966    .text               c_w.l(rt_locale_intlibspace.o)
    0x080010ac   0x00000034   Code   RO         3972    .text               c_w.l(h1_extend.o)
    0x080010e0   0x0000008a   Code   RO         3976    .text               c_w.l(lludiv10.o)
    0x0800116a   0x00000002   PAD
    0x0800116c   0x000002fc   Code   RO         3978    .text               c_w.l(_printf_fp_hex.o)
    0x08001468   0x00000080   Code   RO         3981    .text               c_w.l(_printf_fp_infnan.o)
    0x080014e8   0x0000002c   Code   RO         3985    .text               c_w.l(_printf_char.o)
    0x08001514   0x0000002c   Code   RO         3987    .text               c_w.l(_printf_wchar.o)
    0x08001540   0x0000009e   Code   RO         3989    .text               c_w.l(_strtoul.o)
    0x080015de   0x00000002   PAD
    0x080015e0   0x000000dc   Code   RO         3991    .text               c_w.l(bigflt0.o)
    0x080016bc   0x00000040   Code   RO         4016    .text               c_w.l(_wcrtomb.o)
    0x080016fc   0x0000000e   Code   RO         4021    .text               c_w.l(defsig_rtmem_outer.o)
    0x0800170a   0x00000002   Code   RO         4036    .text               c_w.l(use_no_semi.o)
    0x0800170c   0x00000000   Code   RO         4038    .text               c_w.l(indicate_semi.o)
    0x0800170c   0x0000004a   Code   RO         4039    .text               c_w.l(sys_stackheap_outer.o)
    0x08001756   0x0000001c   Code   RO         4045    .text               c_w.l(_chval.o)
    0x08001772   0x0000000c   Code   RO         4050    .text               c_w.l(exit.o)
    0x0800177e   0x0000000a   Code   RO         4052    .text               c_w.l(defsig_exit.o)
    0x08001788   0x00000050   Code   RO         4054    .text               c_w.l(defsig_rtmem_inner.o)
    0x080017d8   0x00000080   Code   RO         4056    .text               c_w.l(strcmpv7m.o)
    0x08001858   0x0000000c   Code   RO         4068    .text               c_w.l(sys_exit.o)
    0x08001864   0x00000032   Code   RO         4078    .text               c_w.l(defsig_general.o)
    0x08001896   0x0000000e   Code   RO         4095    .text               c_w.l(sys_wrch.o)
    0x080018a4   0x0000003e   Code   RO         3994    CL$$btod_d2e        c_w.l(btod.o)
    0x080018e2   0x00000046   Code   RO         3996    CL$$btod_d2e_denorm_low  c_w.l(btod.o)
    0x08001928   0x00000060   Code   RO         3995    CL$$btod_d2e_norm_op1  c_w.l(btod.o)
    0x08001988   0x00000338   Code   RO         4004    CL$$btod_div_common  c_w.l(btod.o)
    0x08001cc0   0x000000c6   Code   RO         4001    CL$$btod_e2e        c_w.l(btod.o)
    0x08001d86   0x00000028   Code   RO         3998    CL$$btod_ediv       c_w.l(btod.o)
    0x08001dae   0x00000028   Code   RO         3997    CL$$btod_emul       c_w.l(btod.o)
    0x08001dd6   0x00000244   Code   RO         4003    CL$$btod_mult_common  c_w.l(btod.o)
    0x0800201a   0x00000016   Code   RO          653    i.ADC_Cmd           stm32f10x_adc.o
    0x08002030   0x0000005c   Code   RO          655    i.ADC_DeInit        stm32f10x_adc.o
    0x0800208c   0x00000014   Code   RO          661    i.ADC_GetCalibrationStatus  stm32f10x_adc.o
    0x080020a0   0x00000008   Code   RO          662    i.ADC_GetConversionValue  stm32f10x_adc.o
    0x080020a8   0x00000012   Code   RO          664    i.ADC_GetFlagStatus  stm32f10x_adc.o
    0x080020ba   0x00000014   Code   RO          667    i.ADC_GetResetCalibrationStatus  stm32f10x_adc.o
    0x080020ce   0x00000002   PAD
    0x080020d0   0x00000050   Code   RO          671    i.ADC_Init          stm32f10x_adc.o
    0x08002120   0x000000b8   Code   RO          675    i.ADC_RegularChannelConfig  stm32f10x_adc.o
    0x080021d8   0x0000000a   Code   RO          676    i.ADC_ResetCalibration  stm32f10x_adc.o
    0x080021e2   0x00000016   Code   RO          678    i.ADC_SoftwareStartConvCmd  stm32f10x_adc.o
    0x080021f8   0x0000000a   Code   RO          680    i.ADC_StartCalibration  stm32f10x_adc.o
    0x08002202   0x00000002   PAD
    0x08002204   0x0000008c   Code   RO          367    i.Adc_Init          adc.o
    0x08002290   0x00000004   Code   RO          107    i.BusFault_Handler  stm32f10x_it.o
    0x08002294   0x00000002   Code   RO          108    i.DebugMon_Handler  stm32f10x_it.o
    0x08002296   0x0000001c   Code   RO          477    i.EDP_DeleteBuffer  edpkit.o
    0x080022b2   0x00000058   Code   RO          478    i.EDP_NewBuffer     edpkit.o
    0x0800230a   0x00000002   PAD
    0x0800230c   0x000000ec   Code   RO          480    i.EDP_PacketConnect1  edpkit.o
    0x080023f8   0x000001cc   Code   RO          484    i.EDP_PacketSaveData  edpkit.o
    0x080025c4   0x00000006   Code   RO          486    i.EDP_UnPacketConnectRsp  edpkit.o
    0x080025ca   0x00000006   Code   RO          488    i.EDP_UnPacketRecv  edpkit.o
    0x080025d0   0x0000001c   Code   RO          391    i.ESP8266_Clear     esp8266.o
    0x080025ec   0x00000074   Code   RO          392    i.ESP8266_GetIPD    esp8266.o
    0x08002660   0x000001b8   Code   RO          393    i.ESP8266_Init      esp8266.o
    0x08002818   0x00000054   Code   RO          394    i.ESP8266_SendCmd   esp8266.o
    0x0800286c   0x00000048   Code   RO          395    i.ESP8266_SendData  esp8266.o
    0x080028b4   0x0000028c   Code   RO          396    i.ESP8266_StaTcpClient_UnvarnishTest  esp8266.o
    0x08002b40   0x00000034   Code   RO          397    i.ESP8266_WaitRecive  esp8266.o
    0x08002b74   0x00000116   Code   RO         1792    i.GPIO_Init         stm32f10x_gpio.o
    0x08002c8a   0x00000002   PAD
    0x08002c8c   0x00000090   Code   RO         1794    i.GPIO_PinRemapConfig  stm32f10x_gpio.o
    0x08002d1c   0x00000012   Code   RO         1796    i.GPIO_ReadInputDataBit  stm32f10x_gpio.o
    0x08002d2e   0x00000004   Code   RO         1800    i.GPIO_SetBits      stm32f10x_gpio.o
    0x08002d32   0x00000002   PAD
    0x08002d34   0x00000034   Code   RO          368    i.Get_Adc           adc.o
    0x08002d68   0x0000002e   Code   RO          369    i.Get_Adc_Average   adc.o
    0x08002d96   0x00000004   Code   RO          109    i.HardFault_Handler  stm32f10x_it.o
    0x08002d9a   0x00000002   PAD
    0x08002d9c   0x00000024   Code   RO           70    i.KEY_Init          key.o
    0x08002dc0   0x000000e4   Code   RO           71    i.KEY_Scan          key.o
    0x08002ea4   0x00000050   Code   RO          308    i.Key_Control_Pwm   main.o
    0x08002ef4   0x00000038   Code   RO           92    i.LED_Init          led.o
    0x08002f2c   0x00000004   Code   RO          110    i.MemManage_Handler  stm32f10x_it.o
    0x08002f30   0x00000002   Code   RO          111    i.NMI_Handler       stm32f10x_it.o
    0x08002f32   0x0000000c   Code   RO          170    i.NVIC_Configuration  sys.o
    0x08002f3e   0x00000002   PAD
    0x08002f40   0x00000070   Code   RO          594    i.NVIC_Init         misc.o
    0x08002fb0   0x00000014   Code   RO          595    i.NVIC_PriorityGroupConfig  misc.o
    0x08002fc4   0x000002cc   Code   RO          452    i.OneNet_DevLink    onenet.o
    0x08003290   0x0000013c   Code   RO          453    i.OneNet_FillBuf    onenet.o
    0x080033cc   0x000000e0   Code   RO          454    i.OneNet_SendData   onenet.o
    0x080034ac   0x00000002   Code   RO          112    i.PendSV_Handler    stm32f10x_it.o
    0x080034ae   0x00000002   PAD
    0x080034b0   0x00000018   Code   RO         2215    i.RCC_ADCCLKConfig  stm32f10x_rcc.o
    0x080034c8   0x00000020   Code   RO         2217    i.RCC_APB1PeriphClockCmd  stm32f10x_rcc.o
    0x080034e8   0x00000020   Code   RO         2219    i.RCC_APB2PeriphClockCmd  stm32f10x_rcc.o
    0x08003508   0x00000020   Code   RO         2220    i.RCC_APB2PeriphResetCmd  stm32f10x_rcc.o
    0x08003528   0x000000d4   Code   RO         2227    i.RCC_GetClocksFreq  stm32f10x_rcc.o
    0x080035fc   0x00000002   Code   RO          113    i.SVC_Handler       stm32f10x_it.o
    0x080035fe   0x00000002   PAD
    0x08003600   0x0000007c   Code   RO          309    i.Send_Data_Onenet  main.o
    0x0800367c   0x00000008   Code   RO          182    i.SetSysClock       system_stm32f10x.o
    0x08003684   0x000000e0   Code   RO          183    i.SetSysClockTo72   system_stm32f10x.o
    0x08003764   0x00000028   Code   RO          598    i.SysTick_CLKSourceConfig  misc.o
    0x0800378c   0x00000002   Code   RO          114    i.SysTick_Handler   stm32f10x_it.o
    0x0800378e   0x00000002   PAD
    0x08003790   0x00000060   Code   RO          185    i.SystemInit        system_stm32f10x.o
    0x080037f0   0x00000030   Code   RO          216    i.TIM3_IRQHandler   timer.o
    0x08003820   0x00000090   Code   RO          218    i.TIM3_PWM_Init     timer.o
    0x080038b0   0x00000006   Code   RO         2855    i.TIM_ClearITPendingBit  stm32f10x_tim.o
    0x080038b6   0x00000018   Code   RO         2860    i.TIM_Cmd           stm32f10x_tim.o
    0x080038ce   0x00000022   Code   RO         2881    i.TIM_GetITStatus   stm32f10x_tim.o
    0x080038f0   0x000000a4   Code   RO         2894    i.TIM_OC2Init       stm32f10x_tim.o
    0x08003994   0x0000001a   Code   RO         2897    i.TIM_OC2PreloadConfig  stm32f10x_tim.o
    0x080039ae   0x00000004   Code   RO         2922    i.TIM_SetCompare2   stm32f10x_tim.o
    0x080039b2   0x00000002   PAD
    0x080039b4   0x000000a4   Code   RO         2931    i.TIM_TimeBaseInit  stm32f10x_tim.o
    0x08003a58   0x0000001c   Code   RO          251    i.USART1_IRQHandler  usart.o
    0x08003a74   0x0000004c   Code   RO          398    i.USART2_IRQHandler  esp8266.o
    0x08003ac0   0x00000012   Code   RO         3392    i.USART_ClearFlag   stm32f10x_usart.o
    0x08003ad2   0x00000018   Code   RO         3396    i.USART_Cmd         stm32f10x_usart.o
    0x08003aea   0x0000001a   Code   RO         3399    i.USART_GetFlagStatus  stm32f10x_usart.o
    0x08003b04   0x00000054   Code   RO         3400    i.USART_GetITStatus  stm32f10x_usart.o
    0x08003b58   0x0000004a   Code   RO         3402    i.USART_ITConfig    stm32f10x_usart.o
    0x08003ba2   0x00000002   PAD
    0x08003ba4   0x000000d8   Code   RO         3403    i.USART_Init        stm32f10x_usart.o
    0x08003c7c   0x00000008   Code   RO         3413    i.USART_SendData    stm32f10x_usart.o
    0x08003c84   0x00000004   Code   RO          115    i.UsageFault_Handler  stm32f10x_it.o
    0x08003c88   0x000000b0   Code   RO          252    i.Usart1_Init       usart.o
    0x08003d38   0x000000ac   Code   RO          253    i.Usart2_Init       usart.o
    0x08003de4   0x00000048   Code   RO          254    i.UsartPrintf       usart.o
    0x08003e2c   0x00000032   Code   RO          255    i.Usart_SendString  usart.o
    0x08003e5e   0x0000002e   Code   RO          490    i.WriteRemainlen    edpkit.o
    0x08003e8c   0x00000028   Code   RO         4034    i.__ARM_fpclassify  m_ws.l(fpclassify.o)
    0x08003eb4   0x0000000e   Code   RO         3720    i._is_digit         c_w.l(__printf_wp.o)
    0x08003ec2   0x00000002   PAD
    0x08003ec4   0x00000044   Code   RO            1    i.delay_init        delay.o
    0x08003f08   0x0000004c   Code   RO            2    i.delay_ms          delay.o
    0x08003f54   0x000000b4   Code   RO          310    i.esp8266_rec       main.o
    0x08004008   0x000000dc   Code   RO          311    i.main              main.o
    0x080040e4   0x0000002c   Code   RO         4019    locale$$code        c_w.l(lc_numeric_c.o)
    0x08004110   0x0000002c   Code   RO         4048    locale$$code        c_w.l(lc_ctype_c.o)
    0x0800413c   0x00000062   Code   RO         3755    x$fpl$d2f           fz_ws.l(d2f.o)
    0x0800419e   0x00000002   PAD
    0x080041a0   0x00000154   Code   RO         3757    x$fpl$dmul          fz_ws.l(dmul.o)
    0x080042f4   0x0000009c   Code   RO         3926    x$fpl$dnaninf       fz_ws.l(dnaninf.o)
    0x08004390   0x0000000c   Code   RO         3928    x$fpl$dretinf       fz_ws.l(dretinf.o)
    0x0800439c   0x00000056   Code   RO         3759    x$fpl$f2d           fz_ws.l(f2d.o)
    0x080043f2   0x00000002   PAD
    0x080043f4   0x00000030   Code   RO         3762    x$fpl$fflt          fz_ws.l(fflt_clz.o)
    0x08004424   0x00000102   Code   RO         3767    x$fpl$fmul          fz_ws.l(fmul.o)
    0x08004526   0x0000008c   Code   RO         3930    x$fpl$fnaninf       fz_ws.l(fnaninf.o)
    0x080045b2   0x0000000a   Code   RO         3932    x$fpl$fretinf       fz_ws.l(fretinf.o)
    0x080045bc   0x00000004   Code   RO         3769    x$fpl$printf1       fz_ws.l(printf1.o)
    0x080045c0   0x00000004   Code   RO         3934    x$fpl$printf2       fz_ws.l(printf2.o)
    0x080045c4   0x00000000   Code   RO         3940    x$fpl$usenofp       fz_ws.l(usenofp.o)
    0x080045c4   0x00000011   Data   RO         3728    .constdata          c_w.l(__printf_flags_ss_wp.o)
    0x080045d5   0x00000003   PAD
    0x080045d8   0x00000008   Data   RO         3823    .constdata          c_w.l(_printf_wctomb.o)
    0x080045e0   0x00000028   Data   RO         3852    .constdata          c_w.l(_printf_hex_int_ll_ptr.o)
    0x08004608   0x00000026   Data   RO         3979    .constdata          c_w.l(_printf_fp_hex.o)
    0x0800462e   0x00000002   PAD
    0x08004630   0x00000094   Data   RO         3992    .constdata          c_w.l(bigflt0.o)
    0x080046c4   0x00000020   Data   RO         4125    Region$$Table       anon$$obj.o
    0x080046e4   0x0000001c   Data   RO         4018    locale$$data        c_w.l(lc_numeric_c.o)
    0x08004700   0x00000110   Data   RO         4047    locale$$data        c_w.l(lc_ctype_c.o)


    Execution Region RW_IRAM1 (Base: 0x20000000, Size: 0x00000b18, Max: 0x00005000, ABSOLUTE)

    Base Addr    Size         Type   Attr      Idx    E Section Name        Object

    0x20000000   0x00000004   Data   RW            4    .data               delay.o
    0x20000004   0x00000001   Data   RW           72    .data               key.o
    0x20000005   0x00000003   PAD
    0x20000008   0x00000014   Data   RW          186    .data               system_stm32f10x.o
    0x2000001c   0x00000004   Data   RW          400    .data               esp8266.o
    0x20000020   0x00000014   Data   RW         2247    .data               stm32f10x_rcc.o
    0x20000034   0x00000482   Zero   RW          399    .bss                esp8266.o
    0x200004b6   0x00000002   PAD
    0x200004b8   0x00000060   Zero   RW         3944    .bss                c_w.l(libspace.o)
    0x20000518   0x00000200   Zero   RW         3630    HEAP                startup_stm32f10x_hd.o
    0x20000718   0x00000400   Zero   RW         3629    STACK               startup_stm32f10x_hd.o


==============================================================================

Image component sizes


      Code (inc. data)   RO Data    RW Data    ZI Data      Debug   Object Name

       238         14          0          0          0       1599   adc.o
         0          0          0          0          0         32   core_cm3.o
       144         22          0          4          0     252240   delay.o
       870          4          0          0          0       6294   edpkit.o
      1520        652          0          4       1154       6587   esp8266.o
       264         12          0          1          0       1086   key.o
        56          6          0          0          0        447   led.o
       604        148          0          0          0      12710   main.o
       172         22          0          0          0     205165   misc.o
      1256        650          0          0          0       2204   onenet.o
        64         26        304          0       1536        800   startup_stm32f10x_hd.o
       486         24          0          0          0      16890   stm32f10x_adc.o
       444          6          0          0          0       3665   stm32f10x_gpio.o
        26          0          0          0          0       3586   stm32f10x_it.o
       332         44          0         20          0       5198   stm32f10x_rcc.o
       422         52          0          0          0       4390   stm32f10x_tim.o
       450          6          0          0          0       5715   stm32f10x_usart.o
        12          0          0          0          0        413   sys.o
       328         28          0         20          0       2021   system_stm32f10x.o
       192         24          0          0          0       1098   timer.o
       498         24          0          0          0       4001   usart.o

    ----------------------------------------------------------------------
      8402       1764        336         52       2692     536141   Object Totals
         0          0         32          0          0          0   (incl. Generated)
        24          0          0          3          2          0   (incl. Padding)

    ----------------------------------------------------------------------

      Code (inc. data)   RO Data    RW Data    ZI Data      Debug   Library Member Name

        44          6          0          0          0         84   __2sprintf.o
         8          0          0          0          0         68   __main.o
       392          4         17          0          0         92   __printf_flags_ss_wp.o
        14          0          0          0          0         68   __printf_wp.o
         0          0          0          0          0          0   __rtentry.o
        12          0          0          0          0          0   __rtentry2.o
         6          0          0          0          0          0   __rtentry4.o
        52          8          0          0          0          0   __scatter.o
        26          0          0          0          0          0   __scatter_copy.o
        28          0          0          0          0          0   __scatter_zi.o
        28          0          0          0          0         68   _chval.o
         6          0          0          0          0          0   _printf_a.o
         6          0          0          0          0          0   _printf_c.o
        44          0          0          0          0        108   _printf_char.o
        48          6          0          0          0         96   _printf_char_common.o
        40          0          0          0          0         68   _printf_charcount.o
         6          0          0          0          0          0   _printf_d.o
       120         16          0          0          0         92   _printf_dec.o
         6          0          0          0          0          0   _printf_e.o
         6          0          0          0          0          0   _printf_f.o
      1050          0          0          0          0        216   _printf_fp_dec.o
       764         10         38          0          0        100   _printf_fp_hex.o
       128         16          0          0          0         84   _printf_fp_infnan.o
         6          0          0          0          0          0   _printf_g.o
       148          4         40          0          0        160   _printf_hex_int_ll_ptr.o
         6          0          0          0          0          0   _printf_i.o
       178          0          0          0          0         88   _printf_intcommon.o
        10          0          0          0          0          0   _printf_l.o
         6          0          0          0          0          0   _printf_lc.o
        10          0          0          0          0          0   _printf_ll.o
         6          0          0          0          0          0   _printf_lld.o
         6          0          0          0          0          0   _printf_lli.o
         6          0          0          0          0          0   _printf_llo.o
         6          0          0          0          0          0   _printf_llu.o
         6          0          0          0          0          0   _printf_llx.o
       124         16          0          0          0         92   _printf_longlong_dec.o
         6          0          0          0          0          0   _printf_ls.o
         6          0          0          0          0          0   _printf_n.o
         6          0          0          0          0          0   _printf_o.o
       112          8          0          0          0        124   _printf_oct_int_ll.o
         6          0          0          0          0          0   _printf_p.o
        78          0          0          0          0        108   _printf_pad.o
         0          0          0          0          0          0   _printf_percent.o
         4          0          0          0          0          0   _printf_percent_end.o
         6          0          0          0          0          0   _printf_s.o
        82          0          0          0          0         80   _printf_str.o
        36          0          0          0          0         84   _printf_truncate.o
         6          0          0          0          0          0   _printf_u.o
        44          0          0          0          0        108   _printf_wchar.o
       188          6          8          0          0         92   _printf_wctomb.o
         6          0          0          0          0          0   _printf_x.o
        16          0          0          0          0         68   _snputc.o
        10          0          0          0          0         68   _sputc.o
       158          0          0          0          0         92   _strtoul.o
        64          0          0          0          0         92   _wcrtomb.o
        26          0          0          0          0         80   atoi.o
       220          4        148          0          0         96   bigflt0.o
      1910        128          0          0          0        672   btod.o
        10          0          0          0          0         68   defsig_exit.o
        50          0          0          0          0         88   defsig_general.o
        80         58          0          0          0         76   defsig_rtmem_inner.o
        14          0          0          0          0         80   defsig_rtmem_outer.o
        12          0          0          0          0         72   exit.o
        94          0          0          0          0         80   h1_alloc.o
        52          0          0          0          0         68   h1_extend.o
        78          0          0          0          0         80   h1_free.o
        14          0          0          0          0         84   h1_init.o
         6          0          0          0          0        152   heapauxi.o
         4          0          0          0          0        136   hguard.o
         0          0          0          0          0          0   indicate_semi.o
       138          0          0          0          0        168   init_alloc.o
        44         10        272          0          0         76   lc_ctype_c.o
        44         10         28          0          0         76   lc_numeric_c.o
         2          0          0          0          0          0   libinit.o
        38          0          0          0          0          0   libinit2.o
         2          0          0          0          0          0   libshutdown.o
         2          0          0          0          0          0   libshutdown2.o
         8          4          0          0         96         68   libspace.o
       138          0          0          0          0         80   lludiv10.o
         0          0          0          0          0          0   maybetermalloc1.o
        16          4          0          0          0         76   rt_ctype_table.o
         8          4          0          0          0         68   rt_errno_addr_intlibspace.o
         8          4          0          0          0         68   rt_heap_descriptor_intlibspace.o
         8          4          0          0          0         68   rt_locale_intlibspace.o
        68          0          0          0          0         68   rt_memclr.o
        78          0          0          0          0         80   rt_memclr_w.o
         2          0          0          0          0          0   rtexit.o
        10          0          0          0          0          0   rtexit2.o
        24          0          0          0          0         68   strcat.o
        20          0          0          0          0         68   strchr.o
       128          0          0          0          0         68   strcmpv7m.o
        62          0          0          0          0         76   strlen.o
        36          0          0          0          0         76   strncat.o
        36          0          0          0          0         80   strstr.o
       112          0          0          0          0         88   strtol.o
        12          4          0          0          0         68   sys_exit.o
        74          0          0          0          0         80   sys_stackheap_outer.o
        14          0          0          0          0         76   sys_wrch.o
         2          0          0          0          0         68   use_no_semi.o
        52          4          0          0          0         80   vsnprintf.o
        98          4          0          0          0         92   d2f.o
       340         12          0          0          0        104   dmul.o
       156          4          0          0          0         92   dnaninf.o
        12          0          0          0          0         68   dretinf.o
        86          4          0          0          0         84   f2d.o
        48          0          0          0          0         68   fflt_clz.o
       258          4          0          0          0         84   fmul.o
       140          4          0          0          0         84   fnaninf.o
        10          0          0          0          0         68   fretinf.o
         4          0          0          0          0         68   printf1.o
         4          0          0          0          0         68   printf2.o
         0          0          0          0          0          0   usenofp.o
        40          0          0          0          0         68   fpclassify.o

    ----------------------------------------------------------------------
      9154        370        556          0         96       6972   Library Totals
        16          0          5          0          0          0   (incl. Padding)

    ----------------------------------------------------------------------

      Code (inc. data)   RO Data    RW Data    ZI Data      Debug   Library Name

      7942        338        551          0         96       6024   c_w.l
      1156         32          0          0          0        880   fz_ws.l
        40          0          0          0          0         68   m_ws.l

    ----------------------------------------------------------------------
      9154        370        556          0         96       6972   Library Totals

    ----------------------------------------------------------------------

==============================================================================


      Code (inc. data)   RO Data    RW Data    ZI Data      Debug   

     17556       2134        892         52       2788     534685   Grand Totals
     17556       2134        892         52       2788     534685   ELF Image Totals
     17556       2134        892         52          0          0   ROM Totals

==============================================================================

    Total RO  Size (Code + RO Data)                18448 (  18.02kB)
    Total RW  Size (RW Data + ZI Data)              2840 (   2.77kB)
    Total ROM Size (Code + RO Data + RW Data)      18500 (  18.07kB)

==============================================================================

